Archive member included because of file (symbol)

c:/program files/sloeber/arduinoplugin/packages/arduino/tools/arm-none-eabi-gcc/4.8.3-2014q1/bin/../lib/gcc/arm-none-eabi/4.8.3/../../../../arm-none-eabi/lib/armv6-m\libm.a(lib_a-sf_frexp.o)
                              .\libraries\arduino-lmic\src\lmic\lmic_util.c.o (frexpf)
c:/program files/sloeber/arduinoplugin/packages/arduino/tools/arm-none-eabi-gcc/4.8.3-2014q1/bin/../lib/gcc/arm-none-eabi/4.8.3/../../../../arm-none-eabi/lib/armv6-m\libm.a(lib_a-sf_ldexp.o)
                              .\libraries\arduino-lmic\src\lmic\lmic_util.c.o (ldexpf)
c:/program files/sloeber/arduinoplugin/packages/arduino/tools/arm-none-eabi-gcc/4.8.3-2014q1/bin/../lib/gcc/arm-none-eabi/4.8.3/../../../../arm-none-eabi/lib/armv6-m\libm.a(lib_a-sf_scalbn.o)
                              c:/program files/sloeber/arduinoplugin/packages/arduino/tools/arm-none-eabi-gcc/4.8.3-2014q1/bin/../lib/gcc/arm-none-eabi/4.8.3/../../../../arm-none-eabi/lib/armv6-m\libm.a(lib_a-sf_ldexp.o) (scalbnf)
c:/program files/sloeber/arduinoplugin/packages/arduino/tools/arm-none-eabi-gcc/4.8.3-2014q1/bin/../lib/gcc/arm-none-eabi/4.8.3/../../../../arm-none-eabi/lib/armv6-m\libm.a(lib_a-sf_copysign.o)
                              c:/program files/sloeber/arduinoplugin/packages/arduino/tools/arm-none-eabi-gcc/4.8.3-2014q1/bin/../lib/gcc/arm-none-eabi/4.8.3/../../../../arm-none-eabi/lib/armv6-m\libm.a(lib_a-sf_scalbn.o) (copysignf)
c:/program files/sloeber/arduinoplugin/packages/arduino/tools/arm-none-eabi-gcc/4.8.3-2014q1/bin/../lib/gcc/arm-none-eabi/4.8.3/../../../../arm-none-eabi/lib/armv6-m\libm.a(lib_a-sf_finite.o)
                              c:/program files/sloeber/arduinoplugin/packages/arduino/tools/arm-none-eabi-gcc/4.8.3-2014q1/bin/../lib/gcc/arm-none-eabi/4.8.3/../../../../arm-none-eabi/lib/armv6-m\libm.a(lib_a-sf_ldexp.o) (finitef)
C:/Users/Emanuele/Documents/sloeber-workspace/LMIC/Release/arduino.ar(variant.cpp.o)
                              .\libraries\SPI\SPI.cpp.o (sercom4)
C:/Users/Emanuele/Documents/sloeber-workspace/LMIC/Release/arduino.ar(CDC.cpp.o)
                              .\libraries\arduino-lmic\src\hal\hal.cpp.o (Serial_::flush())
C:/Users/Emanuele/Documents/sloeber-workspace/LMIC/Release/arduino.ar(USBCore.cpp.o)
                              C:/Users/Emanuele/Documents/sloeber-workspace/LMIC/Release/arduino.ar(CDC.cpp.o) (USBDeviceClass::available(unsigned long))
C:/Users/Emanuele/Documents/sloeber-workspace/LMIC/Release/arduino.ar(Print.cpp.o)
                              .\sloeber.ino.cpp.o (Print::print(__FlashStringHelper const*))
C:/Users/Emanuele/Documents/sloeber-workspace/LMIC/Release/arduino.ar(Reset.cpp.o)
                              C:/Users/Emanuele/Documents/sloeber-workspace/LMIC/Release/arduino.ar(CDC.cpp.o) (initiateReset)
C:/Users/Emanuele/Documents/sloeber-workspace/LMIC/Release/arduino.ar(SERCOM.cpp.o)
                              C:/Users/Emanuele/Documents/sloeber-workspace/LMIC/Release/arduino.ar(variant.cpp.o) (SERCOM::SERCOM(Sercom*))
C:/Users/Emanuele/Documents/sloeber-workspace/LMIC/Release/arduino.ar(Uart.cpp.o)
                              C:/Users/Emanuele/Documents/sloeber-workspace/LMIC/Release/arduino.ar(variant.cpp.o) (Uart::Uart(SERCOM*, unsigned char, unsigned char, SercomRXPad, SercomUartTXPad))
C:/Users/Emanuele/Documents/sloeber-workspace/LMIC/Release/arduino.ar(abi.cpp.o)
                              C:/Users/Emanuele/Documents/sloeber-workspace/LMIC/Release/arduino.ar(USBCore.cpp.o) (__cxa_pure_virtual)
C:/Users/Emanuele/Documents/sloeber-workspace/LMIC/Release/arduino.ar(cortex_handlers.c.o)
                              (Reset_Handler)
C:/Users/Emanuele/Documents/sloeber-workspace/LMIC/Release/arduino.ar(delay.c.o)
                              C:/Users/Emanuele/Documents/sloeber-workspace/LMIC/Release/arduino.ar(CDC.cpp.o) (millis)
C:/Users/Emanuele/Documents/sloeber-workspace/LMIC/Release/arduino.ar(hooks.c.o)
                              C:/Users/Emanuele/Documents/sloeber-workspace/LMIC/Release/arduino.ar(delay.c.o) (yield)
C:/Users/Emanuele/Documents/sloeber-workspace/LMIC/Release/arduino.ar(main.cpp.o)
                              c:/program files/sloeber/arduinoplugin/packages/arduino/tools/arm-none-eabi-gcc/4.8.3-2014q1/bin/../lib/gcc/arm-none-eabi/4.8.3/../../../../arm-none-eabi/lib/armv6-m/crt0.o (main)
C:/Users/Emanuele/Documents/sloeber-workspace/LMIC/Release/arduino.ar(new.cpp.o)
                              C:/Users/Emanuele/Documents/sloeber-workspace/LMIC/Release/arduino.ar(USBCore.cpp.o) (operator new(unsigned int))
C:/Users/Emanuele/Documents/sloeber-workspace/LMIC/Release/arduino.ar(startup.c.o)
                              C:/Users/Emanuele/Documents/sloeber-workspace/LMIC/Release/arduino.ar(cortex_handlers.c.o) (SystemInit)
C:/Users/Emanuele/Documents/sloeber-workspace/LMIC/Release/arduino.ar(wiring.c.o)
[...]
Memory Configuration

Name             Origin             Length             Attributes
FLASH            0x00002000         0x0003e000         xr
RAM              0x20000000         0x00008000         xrw
*default*        0x00000000         0xffffffff

Linker script and memory map

LOAD c:/program files/sloeber/arduinoplugin/packages/arduino/tools/arm-none-eabi-gcc/4.8.3-2014q1/bin/../lib/gcc/arm-none-eabi/4.8.3/armv6-m/crti.o
LOAD c:/program files/sloeber/arduinoplugin/packages/arduino/tools/arm-none-eabi-gcc/4.8.3-2014q1/bin/../lib/gcc/arm-none-eabi/4.8.3/armv6-m/crtbegin.o
LOAD c:/program files/sloeber/arduinoplugin/packages/arduino/tools/arm-none-eabi-gcc/4.8.3-2014q1/bin/../lib/gcc/arm-none-eabi/4.8.3/../../../../arm-none-eabi/lib/armv6-m/crt0.o
LOAD .\sloeber.ino.cpp.o
LOAD .\libraries\arduino-lmic\src\lmic\lmic.c.o
LOAD .\libraries\arduino-lmic\src\lmic\lmic_as923.c.o
LOAD .\libraries\arduino-lmic\src\lmic\lmic_au915.c.o
LOAD .\libraries\arduino-lmic\src\lmic\lmic_compliance.c.o
LOAD .\libraries\arduino-lmic\src\lmic\lmic_eu868.c.o
LOAD .\libraries\arduino-lmic\src\lmic\lmic_eu_like.c.o
LOAD .\libraries\arduino-lmic\src\lmic\lmic_in866.c.o
LOAD .\libraries\arduino-lmic\src\lmic\lmic_kr920.c.o
LOAD .\libraries\arduino-lmic\src\lmic\lmic_us915.c.o
LOAD .\libraries\arduino-lmic\src\lmic\lmic_us_like.c.o
LOAD .\libraries\arduino-lmic\src\lmic\lmic_util.c.o
LOAD .\libraries\arduino-lmic\src\lmic\oslmic.c.o
LOAD .\libraries\arduino-lmic\src\lmic\radio.c.o
LOAD .\libraries\arduino-lmic\src\hal\getpinmap_catena4420.cpp.o
LOAD .\libraries\arduino-lmic\src\hal\getpinmap_catena4551.cpp.o
LOAD .\libraries\arduino-lmic\src\hal\getpinmap_catena4610.cpp.o
LOAD .\libraries\arduino-lmic\src\hal\getpinmap_catena4611.cpp.o
LOAD .\libraries\arduino-lmic\src\hal\getpinmap_catena4612.cpp.o
LOAD .\libraries\arduino-lmic\src\hal\getpinmap_catena4617.cpp.o
LOAD .\libraries\arduino-lmic\src\hal\getpinmap_catena4618.cpp.o
LOAD .\libraries\arduino-lmic\src\hal\getpinmap_catena4630.cpp.o
LOAD .\libraries\arduino-lmic\src\hal\getpinmap_catena4801.cpp.o
LOAD .\libraries\arduino-lmic\src\hal\getpinmap_feather32u4lora.cpp.o
LOAD .\libraries\arduino-lmic\src\hal\getpinmap_featherm0lora.cpp.o
LOAD .\libraries\arduino-lmic\src\hal\getpinmap_heltec_lora32.cpp.o
LOAD .\libraries\arduino-lmic\src\hal\getpinmap_thisboard.cpp.o
LOAD .\libraries\arduino-lmic\src\hal\getpinmap_ttgo_lora32_v1.cpp.o
LOAD .\libraries\arduino-lmic\src\hal\hal.cpp.o
LOAD .\libraries\arduino-lmic\src\aes\ideetron\AES-128_V10.cpp.o
LOAD .\libraries\arduino-lmic\src\aes\lmic.c.o
LOAD .\libraries\arduino-lmic\src\aes\other.c.o
LOAD .\libraries\SPI\SPI.cpp.o
START GROUP
LOAD C:\Program Files\sloeber\/arduinoPlugin/packages/arduino/tools/CMSIS/4.5.0/CMSIS/Lib/GCC/\libarm_cortexM0l_math.a
LOAD c:/program files/sloeber/arduinoplugin/packages/arduino/tools/arm-none-eabi-gcc/4.8.3-2014q1/bin/../lib/gcc/arm-none-eabi/4.8.3/../../../../arm-none-eabi/lib/armv6-m\libm.a
LOAD C:/Users/Emanuele/Documents/sloeber-workspace/LMIC/Release/arduino.ar
END GROUP
START GROUP
LOAD c:/program files/sloeber/arduinoplugin/packages/arduino/tools/arm-none-eabi-gcc/4.8.3-2014q1/bin/../lib/gcc/arm-none-eabi/4.8.3/armv6-m\libgcc.a
LOAD c:/program files/sloeber/arduinoplugin/packages/arduino/tools/arm-none-eabi-gcc/4.8.3-2014q1/bin/../lib/gcc/arm-none-eabi/4.8.3/../../../../arm-none-eabi/lib/armv6-m\libc_s.a
END GROUP
START GROUP
LOAD c:/program files/sloeber/arduinoplugin/packages/arduino/tools/arm-none-eabi-gcc/4.8.3-2014q1/bin/../lib/gcc/arm-none-eabi/4.8.3/armv6-m\libgcc.a
LOAD c:/program files/sloeber/arduinoplugin/packages/arduino/tools/arm-none-eabi-gcc/4.8.3-2014q1/bin/../lib/gcc/arm-none-eabi/4.8.3/../../../../arm-none-eabi/lib/armv6-m\libc_s.a
LOAD c:/program files/sloeber/arduinoplugin/packages/arduino/tools/arm-none-eabi-gcc/4.8.3-2014q1/bin/../lib/gcc/arm-none-eabi/4.8.3/../../../../arm-none-eabi/lib/armv6-m\libnosys.a
END GROUP
START GROUP
LOAD c:/program files/sloeber/arduinoplugin/packages/arduino/tools/arm-none-eabi-gcc/4.8.3-2014q1/bin/../lib/gcc/arm-none-eabi/4.8.3/armv6-m\libgcc.a
LOAD c:/program files/sloeber/arduinoplugin/packages/arduino/tools/arm-none-eabi-gcc/4.8.3-2014q1/bin/../lib/gcc/arm-none-eabi/4.8.3/../../../../arm-none-eabi/lib/armv6-m\libc_s.a
LOAD c:/program files/sloeber/arduinoplugin/packages/arduino/tools/arm-none-eabi-gcc/4.8.3-2014q1/bin/../lib/gcc/arm-none-eabi/4.8.3/../../../../arm-none-eabi/lib/armv6-m\libnosys.a
END GROUP
LOAD c:/program files/sloeber/arduinoplugin/packages/arduino/tools/arm-none-eabi-gcc/4.8.3-2014q1/bin/../lib/gcc/arm-none-eabi/4.8.3/armv6-m/crtend.o
LOAD c:/program files/sloeber/arduinoplugin/packages/arduino/tools/arm-none-eabi-gcc/4.8.3-2014q1/bin/../lib/gcc/arm-none-eabi/4.8.3/armv6-m/crtn.o

.text           0x00002000     0x8d54
                0x00002000                __text_start__ = .
 *(.sketch_boot)
                0x00002000                . = ALIGN (0x2000)
 *(.isr_vector)
 .isr_vector    0x00002000       0xb4 C:/Users/Emanuele/Documents/sloeber-workspace/LMIC/Release/arduino.ar(cortex_handlers.c.o)
                0x00002000                exception_table
 *(.text*)
 .text          0x000020b4       0x60 c:/program files/sloeber/arduinoplugin/packages/arduino/tools/arm-none-eabi-gcc/4.8.3-2014q1/bin/../lib/gcc/arm-none-eabi/4.8.3/armv6-m/crtbegin.o
 .text._Z7do_sendP7osjob_t
                0x00002114       0x40 .\sloeber.ino.cpp.o
                0x00002114                do_send(osjob_t*)
 .text.os_getArtEui
                0x00002154       0x10 .\sloeber.ino.cpp.o
                0x00002154                os_getArtEui
 .text.os_getDevEui
                0x00002164       0x10 .\sloeber.ino.cpp.o
                0x00002164                os_getDevEui
 .text.os_getDevKey
                0x00002174       0x10 .\sloeber.ino.cpp.o
                0x00002174                os_getDevKey
 .text._Z9printHex2j
                0x00002184       0x24 .\sloeber.ino.cpp.o
                0x00002184                printHex2(unsigned int)
 .text.onEvent  0x000021a8      0x204 .\sloeber.ino.cpp.o
                0x000021a8                onEvent
 .text.setup    0x000023ac       0x84 .\sloeber.ino.cpp.o
                0x000023ac                setup
 .text.loop     0x00002430        0x8 .\sloeber.ino.cpp.o
                0x00002430                loop
 .text.setAdrAckCount
                0x00002438       0x18 .\libraries\arduino-lmic\src\lmic\lmic.c.o
 .text.reportEventNoUpdate
                0x00002450       0xb8 .\libraries\arduino-lmic\src\lmic\lmic.c.o
 .text.radioRx  0x00002508       0x10 .\libraries\arduino-lmic\src\lmic\lmic.c.o
 .text.startRxBcn
                0x00002518       0x18 .\libraries\arduino-lmic\src\lmic\lmic.c.o
 .text.startRxPing
                0x00002530       0x18 .\libraries\arduino-lmic\src\lmic\lmic.c.o
 .text.initTxrxFlags
                0x00002548       0x2c .\libraries\arduino-lmic\src\lmic\lmic.c.o
 .text.setupRx1
                0x00002574       0x38 .\libraries\arduino-lmic\src\lmic\lmic.c.o
 .text.setupRx1DnData
                0x000025ac       0x10 .\libraries\arduino-lmic\src\lmic\lmic.c.o
 .text.setupRx1Jacc
                0x000025bc       0x10 .\libraries\arduino-lmic\src\lmic\lmic.c.o
 .text.calcRxWindow
                0x000025cc       0x6c .\libraries\arduino-lmic\src\lmic\lmic.c.o
 .text.setDrTxpow.isra.1
                0x00002638       0x40 .\libraries\arduino-lmic\src\lmic\lmic.c.o
 .text.put_mac_uplink_byte
                0x00002678       0x48 .\libraries\arduino-lmic\src\lmic\lmic.c.o
 .text.put_mac_uplink_byte2
                0x000026c0       0x30 .\libraries\arduino-lmic\src\lmic\lmic.c.o
 .text.startScan.part.3
                0x000026f0       0x5c .\libraries\arduino-lmic\src\lmic\lmic.c.o
 .text.calcBcnRxWindowFromMillis.constprop.20
                0x0000274c       0x68 .\libraries\arduino-lmic\src\lmic\lmic.c.o
 .text.stateJustJoined
                0x000027b4       0x84 .\libraries\arduino-lmic\src\lmic\lmic.c.o
 .text.scan_mac_cmds
                0x00002838      0x3f8 .\libraries\arduino-lmic\src\lmic\lmic.c.o
 .text.setupRx2
                0x00002c30       0x48 .\libraries\arduino-lmic\src\lmic\lmic.c.o
 .text.setupRx2DnData
                0x00002c78       0x18 .\libraries\arduino-lmic\src\lmic\lmic.c.o
 .text.setupRx2Jacc
                0x00002c90       0x18 .\libraries\arduino-lmic\src\lmic\lmic.c.o
 .text.os_rlsbf4
                0x00002ca8       0x18 .\libraries\arduino-lmic\src\lmic\lmic.c.o
                0x00002ca8                os_rlsbf4
 .text.os_rmsbf4
                0x00002cc0       0x18 .\libraries\arduino-lmic\src\lmic\lmic.c.o
                0x00002cc0                os_rmsbf4
 .text.os_wlsbf4
                0x00002cd8       0x10 .\libraries\arduino-lmic\src\lmic\lmic.c.o
                0x00002cd8                os_wlsbf4
 .text.aes_cipher.part.4
                0x00002ce8       0x58 .\libraries\arduino-lmic\src\lmic\lmic.c.o
 .text.rxschedInit.constprop.14
                0x00002d40       0xc0 .\libraries\arduino-lmic\src\lmic\lmic.c.o
 .text.os_wmsbf4
                0x00002e00       0x10 .\libraries\arduino-lmic\src\lmic\lmic.c.o
                0x00002e00                os_wmsbf4
 .text.os_crc16
                0x00002e10       0x38 .\libraries\arduino-lmic\src\lmic\lmic.c.o
                0x00002e10                os_crc16
 .text.decodeBeacon
                0x00002e48       0xe8 .\libraries\arduino-lmic\src\lmic\lmic.c.o
 .text.getSensitivity
                0x00002f30       0x1c .\libraries\arduino-lmic\src\lmic\lmic.c.o
                0x00002f30                getSensitivity
 .text.decodeFrame
                0x00002f4c      0x390 .\libraries\arduino-lmic\src\lmic\lmic.c.o
 .text.calcAirTime
                0x000032dc       0x98 .\libraries\arduino-lmic\src\lmic\lmic.c.o
                0x000032dc                calcAirTime
 .text.LMICcore_rndDelay
                0x00003374       0x40 .\libraries\arduino-lmic\src\lmic\lmic.c.o
                0x00003374                LMICcore_rndDelay
 .text.txDelay  0x000033b4       0x3c .\libraries\arduino-lmic\src\lmic\lmic.c.o
 .text.LMICcore_setDrJoin
                0x000033f0       0x10 .\libraries\arduino-lmic\src\lmic\lmic.c.o
                0x000033f0                LMICcore_setDrJoin
 .text.LMICcore_adjustForDrift
                0x00003400       0x6c .\libraries\arduino-lmic\src\lmic\lmic.c.o
                0x00003400                LMICcore_adjustForDrift
 .text.schedRx12
                0x0000346c       0x34 .\libraries\arduino-lmic\src\lmic\lmic.c.o
 .text.txDone   0x000034a0       0x50 .\libraries\arduino-lmic\src\lmic\lmic.c.o
 .text.updataDone
                0x000034f0       0x24 .\libraries\arduino-lmic\src\lmic\lmic.c.o
 .text.jreqDone
                0x00003514       0x14 .\libraries\arduino-lmic\src\lmic\lmic.c.o
 .text.LMIC_startJoining
                0x00003528       0x6c .\libraries\arduino-lmic\src\lmic\lmic.c.o
                0x00003528                LMIC_startJoining
 .text.LMIC_unjoinAndRejoin
                0x00003594       0x14 .\libraries\arduino-lmic\src\lmic\lmic.c.o
                0x00003594                LMIC_unjoinAndRejoin
 .text.engineUpdate
                0x000035a8      0x718 .\libraries\arduino-lmic\src\lmic\lmic.c.o
 .text.reportEventAndUpdate
                0x00003cc0        0xc .\libraries\arduino-lmic\src\lmic\lmic.c.o
 .text.onBcnRx  0x00003ccc       0x74 .\libraries\arduino-lmic\src\lmic\lmic.c.o
 .text.processBeacon
                0x00003d40      0x150 .\libraries\arduino-lmic\src\lmic\lmic.c.o
 .text.processDnData_txcomplete
                0x00003e90      0x150 .\libraries\arduino-lmic\src\lmic\lmic.c.o
 .text.processJoinAccept_nojoinframe
                0x00003fe0       0x74 .\libraries\arduino-lmic\src\lmic\lmic.c.o
 .text.processJoinAccept_badframe
                0x00004054       0x1c .\libraries\arduino-lmic\src\lmic\lmic.c.o
 .text.processJoinAccept
                0x00004070      0x22c .\libraries\arduino-lmic\src\lmic\lmic.c.o
 .text.processRx1Jacc
                0x0000429c       0x3c .\libraries\arduino-lmic\src\lmic\lmic.c.o
 .text.processRx2Jacc
                0x000042d8       0x24 .\libraries\arduino-lmic\src\lmic\lmic.c.o
 .text.onJoinFailed
                0x000042fc        0xa .\libraries\arduino-lmic\src\lmic\lmic.c.o
 *fill*         0x00004306        0x2 
 .text.startJoining
                0x00004308       0x20 .\libraries\arduino-lmic\src\lmic\lmic.c.o
 .text.runEngineUpdate
                0x00004328        0x8 .\libraries\arduino-lmic\src\lmic\lmic.c.o
 .text.processPingRx
                0x00004330       0x34 .\libraries\arduino-lmic\src\lmic\lmic.c.o
 .text.processDnData_norx
                0x00004364       0xd0 .\libraries\arduino-lmic\src\lmic\lmic.c.o
 .text.processDnData
                0x00004434       0x58 .\libraries\arduino-lmic\src\lmic\lmic.c.o
 .text.processRx1DnData
                0x0000448c       0x44 .\libraries\arduino-lmic\src\lmic\lmic.c.o
 .text.processRx2DnData
                0x000044d0       0x38 .\libraries\arduino-lmic\src\lmic\lmic.c.o
 .text.LMIC_reset
                0x00004508       0xa4 .\libraries\arduino-lmic\src\lmic\lmic.c.o
                0x00004508                LMIC_reset
 .text.LMIC_init
                0x000045ac       0x10 .\libraries\arduino-lmic\src\lmic\lmic.c.o
                0x000045ac                LMIC_init
 .text.LMIC_clrTxData
                0x000045bc       0x50 .\libraries\arduino-lmic\src\lmic\lmic.c.o
                0x000045bc                LMIC_clrTxData
 .text.runReset
                0x0000460c       0x16 .\libraries\arduino-lmic\src\lmic\lmic.c.o
 *fill*         0x00004622        0x2 
 .text.LMIC_unjoin
                0x00004624       0x24 .\libraries\arduino-lmic\src\lmic\lmic.c.o
                0x00004624                LMIC_unjoin
 .text.unjoinAndRejoin
                0x00004648        0xc .\libraries\arduino-lmic\src\lmic\lmic.c.o
 .text.LMIC_feasibleDataRateForFrame
                0x00004654       0x40 .\libraries\arduino-lmic\src\lmic\lmic.c.o
                0x00004654                LMIC_feasibleDataRateForFrame
 .text.adjustDrForFrameIfNotBusy
                0x00004694       0x38 .\libraries\arduino-lmic\src\lmic\lmic.c.o
 .text.LMIC_setTxData_strict
                0x000046cc       0x30 .\libraries\arduino-lmic\src\lmic\lmic.c.o
                0x000046cc                LMIC_setTxData_strict
 .text.LMIC_setTxData2_strict
                0x000046fc       0x70 .\libraries\arduino-lmic\src\lmic\lmic.c.o
                0x000046fc                LMIC_setTxData2_strict
 .text.LMIC_setTxData2
                0x0000476c       0x1e .\libraries\arduino-lmic\src\lmic\lmic.c.o
                0x0000476c                LMIC_setTxData2
 *fill*         0x0000478a        0x2 
 .text.LMIC_setLinkCheckMode
                0x0000478c       0x2c .\libraries\arduino-lmic\src\lmic\lmic.c.o
                0x0000478c                LMIC_setLinkCheckMode
 .text.LMIC_getSessionKeys
                0x000047b8       0x34 .\libraries\arduino-lmic\src\lmic\lmic.c.o
                0x000047b8                LMIC_getSessionKeys
 .text.LMICeu868_maxFrameLen
                0x000047ec       0x14 .\libraries\arduino-lmic\src\lmic\lmic_eu868.c.o
                0x000047ec                LMICeu868_maxFrameLen
 .text.LMICeu868_pow2dBm
                0x00004800       0x18 .\libraries\arduino-lmic\src\lmic\lmic_eu868.c.o
                0x00004800                LMICeu868_pow2dBm
 .text.LMICeu868_dr2hsym
                0x00004818        0xc .\libraries\arduino-lmic\src\lmic\lmic_eu868.c.o
                0x00004818                LMICeu868_dr2hsym
 .text.LMIC_setupBand
                0x00004824       0x30 .\libraries\arduino-lmic\src\lmic\lmic_eu868.c.o
                0x00004824                LMIC_setupBand
 .text.LMICeu868_initDefaultChannels
                0x00004854       0xa0 .\libraries\arduino-lmic\src\lmic\lmic_eu868.c.o
                0x00004854                LMICeu868_initDefaultChannels
 .text.LMIC_setupChannel
                0x000048f4       0xa4 .\libraries\arduino-lmic\src\lmic\lmic_eu868.c.o
                0x000048f4                LMIC_setupChannel
 .text.LMICeu868_convFreq
                0x00004998       0x28 .\libraries\arduino-lmic\src\lmic\lmic_eu868.c.o
                0x00004998                LMICeu868_convFreq
 .text.LMICeu868_nextJoinTime
                0x000049c0       0x14 .\libraries\arduino-lmic\src\lmic\lmic_eu868.c.o
                0x000049c0                LMICeu868_nextJoinTime
 .text.LMICeu868_nextTx
                0x000049d4       0xc8 .\libraries\arduino-lmic\src\lmic\lmic_eu868.c.o
                0x000049d4                LMICeu868_nextTx
 .text.LMICeu868_setBcnRxParams
                0x00004a9c       0x34 .\libraries\arduino-lmic\src\lmic\lmic_eu868.c.o
                0x00004a9c                LMICeu868_setBcnRxParams
 .text.LMICeu868_nextJoinState
                0x00004ad0        0xa .\libraries\arduino-lmic\src\lmic\lmic_eu868.c.o
                0x00004ad0                LMICeu868_nextJoinState
 *fill*         0x00004ada        0x2 
 .text.LMICeu868_setRx1Params
                0x00004adc       0x58 .\libraries\arduino-lmic\src\lmic\lmic_eu868.c.o
                0x00004adc                LMICeu868_setRx1Params
 .text.LMICeu868_initJoinLoop
                0x00004b34        0xc .\libraries\arduino-lmic\src\lmic\lmic_eu868.c.o
                0x00004b34                LMICeu868_initJoinLoop
 .text.LMICeulike_canMapChannels
                0x00004b40       0x34 .\libraries\arduino-lmic\src\lmic\lmic_eu_like.c.o
                0x00004b40                LMICeulike_canMapChannels
 .text.LMICeulike_mapChannels
                0x00004b74       0x44 .\libraries\arduino-lmic\src\lmic\lmic_eu_like.c.o
                0x00004b74                LMICeulike_mapChannels
 .text.LMICeulike_isDataRateFeasible
                0x00004bb8       0x38 .\libraries\arduino-lmic\src\lmic\lmic_eu_like.c.o
                0x00004bb8                LMICeulike_isDataRateFeasible
 .text.LMICeulike_initJoinLoop
                0x00004bf0       0x58 .\libraries\arduino-lmic\src\lmic\lmic_eu_like.c.o
                0x00004bf0                LMICeulike_initJoinLoop
 .text.LMICeulike_updateTx
                0x00004c48       0x60 .\libraries\arduino-lmic\src\lmic\lmic_eu_like.c.o
                0x00004c48                LMICeulike_updateTx
 .text.LMICeulike_nextJoinState
                0x00004ca8       0x94 .\libraries\arduino-lmic\src\lmic\lmic_eu_like.c.o
                0x00004ca8                LMICeulike_nextJoinState
 .text.LMICeulike_saveAdrState
                0x00004d3c       0x20 .\libraries\arduino-lmic\src\lmic\lmic_eu_like.c.o
                0x00004d3c                LMICeulike_saveAdrState
 .text.LMICeulike_compareAdrState
                0x00004d5c       0x30 .\libraries\arduino-lmic\src\lmic\lmic_eu_like.c.o
                0x00004d5c                LMICeulike_compareAdrState
 .text.LMICeulike_restoreAdrState
                0x00004d8c       0x24 .\libraries\arduino-lmic\src\lmic\lmic_eu_like.c.o
                0x00004d8c                LMICeulike_restoreAdrState
 .text.LMICeulike_setRx1Freq
                0x00004db0       0x1c .\libraries\arduino-lmic\src\lmic\lmic_eu_like.c.o
                0x00004db0                LMICeulike_setRx1Freq
 .text.LMICeulike_txDoneFSK
                0x00004dcc       0x2c .\libraries\arduino-lmic\src\lmic\lmic_eu_like.c.o
                0x00004dcc                LMICeulike_txDoneFSK
 .text.unlinkjob
                0x00004df8       0x1a .\libraries\arduino-lmic\src\lmic\oslmic.c.o
 *fill*         0x00004e12        0x2 
 .text.os_init_ex
                0x00004e14       0x2c .\libraries\arduino-lmic\src\lmic\oslmic.c.o
                0x00004e14                os_init_ex
 .text.os_getTime
                0x00004e40        0x8 .\libraries\arduino-lmic\src\lmic\oslmic.c.o
                0x00004e40                os_getTime
 .text.os_clearCallback
                0x00004e48       0x24 .\libraries\arduino-lmic\src\lmic\oslmic.c.o
                0x00004e48                os_clearCallback
 .text.os_setCallback
                0x00004e6c       0x40 .\libraries\arduino-lmic\src\lmic\oslmic.c.o
                0x00004e6c                os_setCallback
 .text.os_setTimedCallback
                0x00004eac       0x50 .\libraries\arduino-lmic\src\lmic\oslmic.c.o
                0x00004eac                os_setTimedCallback
 .text.os_runloop_once
                0x00004efc       0x44 .\libraries\arduino-lmic\src\lmic\oslmic.c.o
                0x00004efc                os_runloop_once
 .text.requestModuleActive
                0x00004f40       0x16 .\libraries\arduino-lmic\src\lmic\radio.c.o
 .text.writeReg
                0x00004f56       0x16 .\libraries\arduino-lmic\src\lmic\radio.c.o
 .text.writeOpmode
                0x00004f6c       0x24 .\libraries\arduino-lmic\src\lmic\radio.c.o
 .text.configChannel
                0x00004f90       0x48 .\libraries\arduino-lmic\src\lmic\radio.c.o
 .text.setupFskRxTx
                0x00004fd8       0x5c .\libraries\arduino-lmic\src\lmic\radio.c.o
 .text.configLoraModem
                0x00005034       0xf0 .\libraries\arduino-lmic\src\lmic\radio.c.o
 .text.readReg  0x00005124       0x14 .\libraries\arduino-lmic\src\lmic\radio.c.o
 .text.opmode   0x00005138       0x18 .\libraries\arduino-lmic\src\lmic\radio.c.o
 .text.configPower
                0x00005150       0xc0 .\libraries\arduino-lmic\src\lmic\radio.c.o
 .text.rxlate   0x00005210       0x18 .\libraries\arduino-lmic\src\lmic\radio.c.o
 .text.rxlora   0x00005228      0x1e4 .\libraries\arduino-lmic\src\lmic\radio.c.o
 .text.startrx  0x0000540c       0xe8 .\libraries\arduino-lmic\src\lmic\radio.c.o
 .text.radio_init
                0x000054f4       0xe8 .\libraries\arduino-lmic\src\lmic\radio.c.o
                0x000054f4                radio_init
 .text.radio_rand1
                0x000055dc       0x38 .\libraries\arduino-lmic\src\lmic\radio.c.o
                0x000055dc                radio_rand1
 .text.radio_monitor_rssi
                0x00005614       0xa0 .\libraries\arduino-lmic\src\lmic\radio.c.o
                0x00005614                radio_monitor_rssi
 .text.starttx  0x000056b4      0x218 .\libraries\arduino-lmic\src\lmic\radio.c.o
 .text.radio_irq_handler_v2
                0x000058cc      0x180 .\libraries\arduino-lmic\src\lmic\radio.c.o
                0x000058cc                radio_irq_handler_v2
 .text.radio_irq_handler
                0x00005a4c       0x12 .\libraries\arduino-lmic\src\lmic\radio.c.o
                0x00005a4c                radio_irq_handler
 *fill*         0x00005a5e        0x2 
 .text.os_radio
                0x00005a60       0x4c .\libraries\arduino-lmic\src\lmic\radio.c.o
                0x00005a60                os_radio
 .text.os_getRadioRxRampup
                0x00005aac        0x8 .\libraries\arduino-lmic\src\lmic\radio.c.o
                0x00005aac                os_getRadioRxRampup
 .text._ZN12Arduino_LMIC18HalConfiguration_t15setModuleActiveEb
                0x00005ab4        0x4 .\libraries\arduino-lmic\src\hal\getpinmap_catena4420.cpp.o
                0x00005ab4                Arduino_LMIC::HalConfiguration_t::setModuleActive(bool)
 .text._ZN12Arduino_LMIC18HalConfiguration_t5beginEv
                0x00005ab8        0x2 .\libraries\arduino-lmic\src\hal\getpinmap_catena4420.cpp.o
                0x00005ab8                Arduino_LMIC::HalConfiguration_t::begin()
 .text._ZN12Arduino_LMIC18HalConfiguration_t3endEv
                0x00005aba        0x2 .\libraries\arduino-lmic\src\hal\getpinmap_catena4420.cpp.o
                0x00005aba                Arduino_LMIC::HalConfiguration_t::end()
 .text._ZN12Arduino_LMIC18HalConfiguration_t14queryUsingTcxoEv
                0x00005abc        0x4 .\libraries\arduino-lmic\src\hal\getpinmap_catena4420.cpp.o
                0x00005abc                Arduino_LMIC::HalConfiguration_t::queryUsingTcxo()
 .text._ZN12Arduino_LMIC18HalConfiguration_t16getTxPowerPolicyENS0_15TxPowerPolicy_tEam
                0x00005ac0        0x4 .\libraries\arduino-lmic\src\hal\getpinmap_catena4420.cpp.o
                0x00005ac0                Arduino_LMIC::HalConfiguration_t::getTxPowerPolicy(Arduino_LMIC::HalConfiguration_t::TxPowerPolicy_t, signed char, unsigned long)
 .text._ZN12Arduino_LMIC29HalConfiguration_Catena4420_t5beginEv
                0x00005ac4       0x14 .\libraries\arduino-lmic\src\hal\getpinmap_catena4420.cpp.o
                0x00005ac4                Arduino_LMIC::HalConfiguration_Catena4420_t::begin()
 .text.startup._GLOBAL__sub_I__ZN12Arduino_LMIC20GetPinmap_Catena4420Ev
                0x00005ad8       0x10 .\libraries\arduino-lmic\src\hal\getpinmap_catena4420.cpp.o
 .text._ZN12Arduino_LMIC34HalConfiguration_Feather32U4LoRa_t5beginEv
                0x00005ae8       0x14 .\libraries\arduino-lmic\src\hal\getpinmap_feather32u4lora.cpp.o
                0x00005ae8                Arduino_LMIC::HalConfiguration_Feather32U4LoRa_t::begin()
 .text.startup._GLOBAL__sub_I__ZN12Arduino_LMIC25GetPinmap_Feather32U4LoRaEv
                0x00005afc       0x10 .\libraries\arduino-lmic\src\hal\getpinmap_feather32u4lora.cpp.o
 .text._ZN12Arduino_LMIC32HalConfiguration_FeatherM0LoRa_t5beginEv
                0x00005b0c       0x14 .\libraries\arduino-lmic\src\hal\getpinmap_featherm0lora.cpp.o
                0x00005b0c                Arduino_LMIC::HalConfiguration_FeatherM0LoRa_t::begin()
 .text.startup._GLOBAL__sub_I__ZN12Arduino_LMIC23GetPinmap_FeatherM0LoRaEv
                0x00005b20       0x10 .\libraries\arduino-lmic\src\hal\getpinmap_featherm0lora.cpp.o
 .text.startup._GLOBAL__sub_I__ZN12Arduino_LMIC23GetPinmap_heltec_lora32Ev
                0x00005b30       0x10 .\libraries\arduino-lmic\src\hal\getpinmap_heltec_lora32.cpp.o
 .text._ZN12Arduino_LMIC31HalConfiguration_ttgo_lora32_v15beginEv
                0x00005b40       0x14 .\libraries\arduino-lmic\src\hal\getpinmap_ttgo_lora32_v1.cpp.o
                0x00005b40                Arduino_LMIC::HalConfiguration_ttgo_lora32_v1::begin()
 .text.startup._GLOBAL__sub_I__ZN12Arduino_LMIC24GetPinmap_ttgo_lora32_v1Ev
                0x00005b54       0x10 .\libraries\arduino-lmic\src\hal\getpinmap_ttgo_lora32_v1.cpp.o
 .text._ZL11hal_spi_trxhPhjh
                0x00005b64       0x8c .\libraries\arduino-lmic\src\hal\hal.cpp.o
 .text.hal_pin_rxtx
                0x00005bf0       0x20 .\libraries\arduino-lmic\src\hal\hal.cpp.o
                0x00005bf0                hal_pin_rxtx
 .text.hal_pin_rst
                0x00005c10       0x2c .\libraries\arduino-lmic\src\hal\hal.cpp.o
                0x00005c10                hal_pin_rst
 .text.hal_getRssiCal
                0x00005c3c       0x10 .\libraries\arduino-lmic\src\hal\hal.cpp.o
                0x00005c3c                hal_getRssiCal
 .text.hal_spi_write
                0x00005c4c        0xa .\libraries\arduino-lmic\src\hal\hal.cpp.o
                0x00005c4c                hal_spi_write
 .text.hal_spi_read
                0x00005c56        0xa .\libraries\arduino-lmic\src\hal\hal.cpp.o
                0x00005c56                hal_spi_read
 .text.hal_ticks
                0x00005c60       0x24 .\libraries\arduino-lmic\src\hal\hal.cpp.o
                0x00005c60                hal_ticks
 .text.hal_waitUntil
                0x00005c84       0x38 .\libraries\arduino-lmic\src\hal\hal.cpp.o
                0x00005c84                hal_waitUntil
 .text.hal_checkTimer
                0x00005cbc       0x12 .\libraries\arduino-lmic\src\hal\hal.cpp.o
                0x00005cbc                hal_checkTimer
 *fill*         0x00005cce        0x2 
 .text.hal_disableIRQs
                0x00005cd0       0x10 .\libraries\arduino-lmic\src\hal\hal.cpp.o
                0x00005cd0                hal_disableIRQs
 .text.hal_enableIRQs
                0x00005ce0       0x54 .\libraries\arduino-lmic\src\hal\hal.cpp.o
                0x00005ce0                hal_enableIRQs
 .text.hal_sleep
                0x00005d34        0x2 .\libraries\arduino-lmic\src\hal\hal.cpp.o
                0x00005d34                hal_sleep
 *fill*         0x00005d36        0x2 
 .text.hal_setModuleActive
                0x00005d38       0x1c .\libraries\arduino-lmic\src\hal\hal.cpp.o
                0x00005d38                hal_setModuleActive
 .text.hal_queryUsingTcxo
                0x00005d54       0x14 .\libraries\arduino-lmic\src\hal\hal.cpp.o
                0x00005d54                hal_queryUsingTcxo
 .text.hal_getTxPowerPolicy
                0x00005d68       0x1c .\libraries\arduino-lmic\src\hal\hal.cpp.o
                0x00005d68                hal_getTxPowerPolicy
 .text.startup._GLOBAL__sub_I_hal_pin_rxtx
                0x00005d84       0x10 .\libraries\arduino-lmic\src\hal\hal.cpp.o
 .text.hal_failed
                0x00005d94       0x4c .\libraries\arduino-lmic\src\hal\hal.cpp.o
                0x00005d94                hal_failed
 .text._ZN12Arduino_LMIC20hal_init_with_pinmapEPKNS_11HalPinmap_tE
                0x00005de0      0x1b8 .\libraries\arduino-lmic\src\hal\hal.cpp.o
                0x00005de0                Arduino_LMIC::hal_init_with_pinmap(Arduino_LMIC::HalPinmap_t const*)
 .text.hal_init_ex
                0x00005f98       0x1c .\libraries\arduino-lmic\src\hal\hal.cpp.o
                0x00005f98                hal_init_ex
 .text._ZL17AES_Add_Round_KeyPh
                0x00005fb4       0x2c .\libraries\arduino-lmic\src\aes\ideetron\AES-128_V10.cpp.o
 .text._ZL14AES_Shift_Rowsv
                0x00005fe0       0x38 .\libraries\arduino-lmic\src\aes\ideetron\AES-128_V10.cpp.o
 .text._ZL23AES_Calculate_Round_KeyhPh
                0x00006018       0x84 .\libraries\arduino-lmic\src\aes\ideetron\AES-128_V10.cpp.o
 .text.lmic_aes_encrypt
                0x0000609c      0x16c .\libraries\arduino-lmic\src\aes\ideetron\AES-128_V10.cpp.o
                0x0000609c                lmic_aes_encrypt
 .text.shift_left.constprop.0
                0x00006208       0x34 .\libraries\arduino-lmic\src\aes\other.c.o
 .text.os_aes   0x0000623c      0x144 .\libraries\arduino-lmic\src\aes\other.c.o
                0x0000623c                os_aes
 .text._ZN8SPIClass4initEv
                0x00006380       0x12 .\libraries\SPI\SPI.cpp.o
                0x00006380                SPIClass::init()
 .text._ZN8SPIClass6configE11SPISettings
                0x00006392       0x36 .\libraries\SPI\SPI.cpp.o
                0x00006392                SPIClass::config(SPISettings)
 .text._ZN8SPIClass5beginEv
                0x000063c8       0x50 .\libraries\SPI\SPI.cpp.o
                0x000063c8                SPIClass::begin()
 .text._ZN8SPIClass16beginTransactionE11SPISettings
                0x00006418       0x38 .\libraries\SPI\SPI.cpp.o
                0x00006418                SPIClass::beginTransaction(SPISettings)
 .text._ZN8SPIClass14endTransactionEv
                0x00006450       0x24 .\libraries\SPI\SPI.cpp.o
                0x00006450                SPIClass::endTransaction()
 .text._ZN8SPIClass8transferEh
                0x00006474        0xa .\libraries\SPI\SPI.cpp.o
                0x00006474                SPIClass::transfer(unsigned char)
 *fill*         0x0000647e        0x2 
 .text.startup._GLOBAL__sub_I__ZN8SPIClassC2EP6SERCOMhhh14SercomSpiTXPad11SercomRXPad
                0x00006480       0x38 .\libraries\SPI\SPI.cpp.o
 .text.SERCOM0_Handler
                0x000064b8       0x10 C:/Users/Emanuele/Documents/sloeber-workspace/LMIC/Release/arduino.ar(variant.cpp.o)
                0x000064b8                SERCOM0_Handler
 .text.SERCOM5_Handler
                0x000064c8       0x10 C:/Users/Emanuele/Documents/sloeber-workspace/LMIC/Release/arduino.ar(variant.cpp.o)
                0x000064c8                SERCOM5_Handler
 .text.startup._GLOBAL__sub_I_g_APinDescription
                0x000064d8       0x94 C:/Users/Emanuele/Documents/sloeber-workspace/LMIC/Release/arduino.ar(variant.cpp.o)
 .text._ZN7Serial_17availableForWriteEv
                0x0000656c        0x4 C:/Users/Emanuele/Documents/sloeber-workspace/LMIC/Release/arduino.ar(CDC.cpp.o)
                0x0000656c                Serial_::availableForWrite()
 .text._ZN7Serial_5writeEh
                0x00006570       0x14 C:/Users/Emanuele/Documents/sloeber-workspace/LMIC/Release/arduino.ar(CDC.cpp.o)
                0x00006570                Serial_::write(unsigned char)
 .text._ZN7Serial_9availableEv
                0x00006584        0xc C:/Users/Emanuele/Documents/sloeber-workspace/LMIC/Release/arduino.ar(CDC.cpp.o)
                0x00006584                Serial_::available()
 .text._ZN7Serial_5flushEv
                0x00006590        0xc C:/Users/Emanuele/Documents/sloeber-workspace/LMIC/Release/arduino.ar(CDC.cpp.o)
                0x00006590                Serial_::flush()
 .text._ZN7Serial_5writeEPKhj
                0x0000659c       0x1c C:/Users/Emanuele/Documents/sloeber-workspace/LMIC/Release/arduino.ar(CDC.cpp.o)
                0x0000659c                Serial_::write(unsigned char const*, unsigned int)
 .text._ZN7Serial_4peekEv
                0x000065b8       0x1c C:/Users/Emanuele/Documents/sloeber-workspace/LMIC/Release/arduino.ar(CDC.cpp.o)
                0x000065b8                Serial_::peek()
 .text._ZN7Serial_4readEv
                0x000065d4       0x24 C:/Users/Emanuele/Documents/sloeber-workspace/LMIC/Release/arduino.ar(CDC.cpp.o)
                0x000065d4                Serial_::read()
 .text._Z16CDC_GetInterfacePh
                0x000065f8       0x1c C:/Users/Emanuele/Documents/sloeber-workspace/LMIC/Release/arduino.ar(CDC.cpp.o)
                0x000065f8                CDC_GetInterface(unsigned char*)
 .text._Z9CDC_SetupR8USBSetup
                0x00006614       0x80 C:/Users/Emanuele/Documents/sloeber-workspace/LMIC/Release/arduino.ar(CDC.cpp.o)
                0x00006614                CDC_Setup(USBSetup&)
 .text._ZN7Serial_5beginEm
                0x00006694        0x2 C:/Users/Emanuele/Documents/sloeber-workspace/LMIC/Release/arduino.ar(CDC.cpp.o)
                0x00006694                Serial_::begin(unsigned long)
 *fill*         0x00006696        0x2 
 .text.startup._GLOBAL__sub_I__Z17_CDC_GetInterfacev
                0x00006698       0x28 C:/Users/Emanuele/Documents/sloeber-workspace/LMIC/Release/arduino.ar(CDC.cpp.o)
 .text._ZN14USBDeviceClass6initEPEmm.part.4
                0x000066c0       0x80 C:/Users/Emanuele/Documents/sloeber-workspace/LMIC/Release/arduino.ar(USBCore.cpp.o)
 .text._ZN20USBDevice_SAMD21G18x5resetEv
                0x00006740       0x28 C:/Users/Emanuele/Documents/sloeber-workspace/LMIC/Release/arduino.ar(USBCore.cpp.o)
                0x00006740                USBDevice_SAMD21G18x::reset()
 .text._ZN20USBDevice_SAMD21G18x9calibrateEv
                0x00006768       0x5c C:/Users/Emanuele/Documents/sloeber-workspace/LMIC/Release/arduino.ar(USBCore.cpp.o)
                0x00006768                USBDevice_SAMD21G18x::calibrate()
 .text._ZN7__GuardC2Ev
                0x000067c4        0xe C:/Users/Emanuele/Documents/sloeber-workspace/LMIC/Release/arduino.ar(USBCore.cpp.o)
                0x000067c4                __Guard::__Guard()
                0x000067c4                __Guard::__Guard()
 .text._ZN7__GuardD2Ev
                0x000067d2        0xe C:/Users/Emanuele/Documents/sloeber-workspace/LMIC/Release/arduino.ar(USBCore.cpp.o)
                0x000067d2                __Guard::~__Guard()
                0x000067d2                __Guard::~__Guard()
 .text._ZNK26DoubleBufferedEPOutHandler9availableEv
                0x000067e0       0x5e C:/Users/Emanuele/Documents/sloeber-workspace/LMIC/Release/arduino.ar(USBCore.cpp.o)
                0x000067e0                DoubleBufferedEPOutHandler::available() const
 *fill*         0x0000683e        0x2 
 .text._ZN26DoubleBufferedEPOutHandler7releaseEv
                0x00006840       0x58 C:/Users/Emanuele/Documents/sloeber-workspace/LMIC/Release/arduino.ar(USBCore.cpp.o)
                0x00006840                DoubleBufferedEPOutHandler::release()
 .text._ZN26DoubleBufferedEPOutHandler4recvEPvm
                0x00006898      0x11c C:/Users/Emanuele/Documents/sloeber-workspace/LMIC/Release/arduino.ar(USBCore.cpp.o)
                0x00006898                DoubleBufferedEPOutHandler::recv(void*, unsigned long)
 .text._ZN26DoubleBufferedEPOutHandler14handleEndpointEv
                0x000069b4       0xc4 C:/Users/Emanuele/Documents/sloeber-workspace/LMIC/Release/arduino.ar(USBCore.cpp.o)
                0x000069b4                DoubleBufferedEPOutHandler::handleEndpoint()
 .text._ZN14USBDeviceClass14SendInterfacesEPm
                0x00006a78       0x2c C:/Users/Emanuele/Documents/sloeber-workspace/LMIC/Release/arduino.ar(USBCore.cpp.o)
                0x00006a78                USBDeviceClass::SendInterfaces(unsigned long*)
 .text._ZN14USBDeviceClass14handleEndpointEh
                0x00006aa4       0x40 C:/Users/Emanuele/Documents/sloeber-workspace/LMIC/Release/arduino.ar(USBCore.cpp.o)
                0x00006aa4                USBDeviceClass::handleEndpoint(unsigned char)
 .text._ZN14USBDeviceClass4initEv
                0x00006ae4       0xf0 C:/Users/Emanuele/Documents/sloeber-workspace/LMIC/Release/arduino.ar(USBCore.cpp.o)
                0x00006ae4                USBDeviceClass::init()
 .text._ZN14USBDeviceClass6attachEv
                0x00006bd4       0x34 C:/Users/Emanuele/Documents/sloeber-workspace/LMIC/Release/arduino.ar(USBCore.cpp.o)
                0x00006bd4                USBDeviceClass::attach()
 .text._ZN14USBDeviceClass10setAddressEm
                0x00006c08       0x48 C:/Users/Emanuele/Documents/sloeber-workspace/LMIC/Release/arduino.ar(USBCore.cpp.o)
                0x00006c08                USBDeviceClass::setAddress(unsigned long)
 .text._ZN14USBDeviceClass25handleClassInterfaceSetupER8USBSetup
                0x00006c50       0x40 C:/Users/Emanuele/Documents/sloeber-workspace/LMIC/Release/arduino.ar(USBCore.cpp.o)
                0x00006c50                USBDeviceClass::handleClassInterfaceSetup(USBSetup&)
 .text._ZN14USBDeviceClass6initEPEmm
                0x00006c90      0x128 C:/Users/Emanuele/Documents/sloeber-workspace/LMIC/Release/arduino.ar(USBCore.cpp.o)
                0x00006c90                USBDeviceClass::initEP(unsigned long, unsigned long)
 .text._ZN14USBDeviceClass13initEndpointsEv
                0x00006db8       0x24 C:/Users/Emanuele/Documents/sloeber-workspace/LMIC/Release/arduino.ar(USBCore.cpp.o)
                0x00006db8                USBDeviceClass::initEndpoints()
 .text._ZN14USBDeviceClass9availableEm
                0x00006ddc       0x2c C:/Users/Emanuele/Documents/sloeber-workspace/LMIC/Release/arduino.ar(USBCore.cpp.o)
                0x00006ddc                USBDeviceClass::available(unsigned long)
 .text._ZN14USBDeviceClass5flushEm
                0x00006e08       0x2c C:/Users/Emanuele/Documents/sloeber-workspace/LMIC/Release/arduino.ar(USBCore.cpp.o)
                0x00006e08                USBDeviceClass::flush(unsigned long)
 .text._ZN14USBDeviceClass14armRecvCtrlOUTEm
                0x00006e34       0x60 C:/Users/Emanuele/Documents/sloeber-workspace/LMIC/Release/arduino.ar(USBCore.cpp.o)
                0x00006e34                USBDeviceClass::armRecvCtrlOUT(unsigned long)
 .text._ZN14USBDeviceClass11recvControlEPvm
                0x00006e94       0x3c C:/Users/Emanuele/Documents/sloeber-workspace/LMIC/Release/arduino.ar(USBCore.cpp.o)
                0x00006e94                USBDeviceClass::recvControl(void*, unsigned long)
 .text._ZN14USBDeviceClass7armRecvEm
                0x00006ed0       0x3c C:/Users/Emanuele/Documents/sloeber-workspace/LMIC/Release/arduino.ar(USBCore.cpp.o)
                0x00006ed0                USBDeviceClass::armRecv(unsigned long)
 .text._ZN14USBDeviceClass4recvEmPvm
                0x00006f0c       0xd8 C:/Users/Emanuele/Documents/sloeber-workspace/LMIC/Release/arduino.ar(USBCore.cpp.o)
                0x00006f0c                USBDeviceClass::recv(unsigned long, void*, unsigned long)
 .text._ZN14USBDeviceClass4recvEm
                0x00006fe4       0x1c C:/Users/Emanuele/Documents/sloeber-workspace/LMIC/Release/arduino.ar(USBCore.cpp.o)
                0x00006fe4                USBDeviceClass::recv(unsigned long)
 .text._ZN14USBDeviceClass4sendEmPKvm
                0x00007000      0x124 C:/Users/Emanuele/Documents/sloeber-workspace/LMIC/Release/arduino.ar(USBCore.cpp.o)
                0x00007000                USBDeviceClass::send(unsigned long, void const*, unsigned long)
 .text._ZN14USBDeviceClass7armSendEmPKvm
                0x00007124       0x48 C:/Users/Emanuele/Documents/sloeber-workspace/LMIC/Release/arduino.ar(USBCore.cpp.o)
                0x00007124                USBDeviceClass::armSend(unsigned long, void const*, unsigned long)
 .text._ZN14USBDeviceClass11sendControlEPKvm
                0x0000716c       0x58 C:/Users/Emanuele/Documents/sloeber-workspace/LMIC/Release/arduino.ar(USBCore.cpp.o)
                0x0000716c                USBDeviceClass::sendControl(void const*, unsigned long)
 .text._ZN14USBDeviceClass20sendStringDescriptorEPKhh
                0x000071c4       0x68 C:/Users/Emanuele/Documents/sloeber-workspace/LMIC/Release/arduino.ar(USBCore.cpp.o)
                0x000071c4                USBDeviceClass::sendStringDescriptor(unsigned char const*, unsigned char)
 .text._ZN14USBDeviceClass12packMessagesEb.part.6
                0x0000722c       0x20 C:/Users/Emanuele/Documents/sloeber-workspace/LMIC/Release/arduino.ar(USBCore.cpp.o)
 .text._ZN14USBDeviceClass17sendConfigurationEm
                0x0000724c       0x90 C:/Users/Emanuele/Documents/sloeber-workspace/LMIC/Release/arduino.ar(USBCore.cpp.o)
                0x0000724c                USBDeviceClass::sendConfiguration(unsigned long)
 .text._ZN14USBDeviceClass14sendDescriptorER8USBSetup
                0x000072dc       0xb4 C:/Users/Emanuele/Documents/sloeber-workspace/LMIC/Release/arduino.ar(USBCore.cpp.o)
                0x000072dc                USBDeviceClass::sendDescriptor(USBSetup&)
 .text._ZN14USBDeviceClass19handleStandardSetupER8USBSetup
                0x00007390      0x118 C:/Users/Emanuele/Documents/sloeber-workspace/LMIC/Release/arduino.ar(USBCore.cpp.o)
                0x00007390                USBDeviceClass::handleStandardSetup(USBSetup&)
 .text._ZN14USBDeviceClass10ISRHandlerEv
                0x000074a8      0x150 C:/Users/Emanuele/Documents/sloeber-workspace/LMIC/Release/arduino.ar(USBCore.cpp.o)
                0x000074a8                USBDeviceClass::ISRHandler()
 .text.UDD_Handler
                0x000075f8       0x10 C:/Users/Emanuele/Documents/sloeber-workspace/LMIC/Release/arduino.ar(USBCore.cpp.o)
                0x000075f8                UDD_Handler
 .text.startup._GLOBAL__sub_I__ZN20USBDevice_SAMD21G18x5resetEv
                0x00007608       0x10 C:/Users/Emanuele/Documents/sloeber-workspace/LMIC/Release/arduino.ar(USBCore.cpp.o)
 .text._ZN5Print5writeEPKhj
                0x00007618       0x28 C:/Users/Emanuele/Documents/sloeber-workspace/LMIC/Release/arduino.ar(Print.cpp.o)
                0x00007618                Print::write(unsigned char const*, unsigned int)
 .text._ZN5Print5printEmi.part.3
                0x00007640        0xc C:/Users/Emanuele/Documents/sloeber-workspace/LMIC/Release/arduino.ar(Print.cpp.o)
 .text._ZN5Print5writeEPKc
                0x0000764c       0x1c C:/Users/Emanuele/Documents/sloeber-workspace/LMIC/Release/arduino.ar(Print.cpp.o)
                0x0000764c                Print::write(char const*)
 .text._ZN5Print5printEPK19__FlashStringHelper
                0x00007668        0x8 C:/Users/Emanuele/Documents/sloeber-workspace/LMIC/Release/arduino.ar(Print.cpp.o)
                0x00007668                Print::print(__FlashStringHelper const*)
 .text._ZN5Print5printEPKc
                0x00007670        0x8 C:/Users/Emanuele/Documents/sloeber-workspace/LMIC/Release/arduino.ar(Print.cpp.o)
                0x00007670                Print::print(char const*)
 .text._ZN5Print5printEc
                0x00007678        0xa C:/Users/Emanuele/Documents/sloeber-workspace/LMIC/Release/arduino.ar(Print.cpp.o)
                0x00007678                Print::print(char)
 *fill*         0x00007682        0x2 
 .text._ZN5Print7printlnEv
                0x00007684       0x10 C:/Users/Emanuele/Documents/sloeber-workspace/LMIC/Release/arduino.ar(Print.cpp.o)
                0x00007684                Print::println()
 .text._ZN5Print7printlnEPK19__FlashStringHelper
                0x00007694       0x14 C:/Users/Emanuele/Documents/sloeber-workspace/LMIC/Release/arduino.ar(Print.cpp.o)
                0x00007694                Print::println(__FlashStringHelper const*)
 .text._ZN5Print7printlnEPKc
                0x000076a8       0x14 C:/Users/Emanuele/Documents/sloeber-workspace/LMIC/Release/arduino.ar(Print.cpp.o)
                0x000076a8                Print::println(char const*)
 .text._ZN5Print11printNumberEmh
                0x000076bc       0x4e C:/Users/Emanuele/Documents/sloeber-workspace/LMIC/Release/arduino.ar(Print.cpp.o)
                0x000076bc                Print::printNumber(unsigned long, unsigned char)
 .text._ZN5Print5printEli
                0x0000770a       0x3c C:/Users/Emanuele/Documents/sloeber-workspace/LMIC/Release/arduino.ar(Print.cpp.o)
                0x0000770a                Print::print(long, int)
 .text._ZN5Print7printlnEii
                0x00007746       0x14 C:/Users/Emanuele/Documents/sloeber-workspace/LMIC/Release/arduino.ar(Print.cpp.o)
                0x00007746                Print::println(int, int)
 .text._ZN5Print5printEmi
                0x0000775a       0x14 C:/Users/Emanuele/Documents/sloeber-workspace/LMIC/Release/arduino.ar(Print.cpp.o)
                0x0000775a                Print::print(unsigned long, int)
 .text._ZN5Print5printEhi
                0x0000776e        0x8 C:/Users/Emanuele/Documents/sloeber-workspace/LMIC/Release/arduino.ar(Print.cpp.o)
                0x0000776e                Print::print(unsigned char, int)
 .text._ZN5Print7printlnEhi
                0x00007776       0x14 C:/Users/Emanuele/Documents/sloeber-workspace/LMIC/Release/arduino.ar(Print.cpp.o)
                0x00007776                Print::println(unsigned char, int)
 .text._ZN5Print5printEji
                0x0000778a        0x8 C:/Users/Emanuele/Documents/sloeber-workspace/LMIC/Release/arduino.ar(Print.cpp.o)
                0x0000778a                Print::print(unsigned int, int)
 .text._ZN5Print7printlnEji
                0x00007792       0x14 C:/Users/Emanuele/Documents/sloeber-workspace/LMIC/Release/arduino.ar(Print.cpp.o)
                0x00007792                Print::println(unsigned int, int)
 .text._ZN5Print7printlnEmi
                0x000077a6       0x14 C:/Users/Emanuele/Documents/sloeber-workspace/LMIC/Release/arduino.ar(Print.cpp.o)
                0x000077a6                Print::println(unsigned long, int)
 *fill*         0x000077ba        0x2 
 .text.initiateReset
                0x000077bc        0xc C:/Users/Emanuele/Documents/sloeber-workspace/LMIC/Release/arduino.ar(Reset.cpp.o)
                0x000077bc                initiateReset
 .text.cancelReset
                0x000077c8       0x10 C:/Users/Emanuele/Documents/sloeber-workspace/LMIC/Release/arduino.ar(Reset.cpp.o)
                0x000077c8                cancelReset
 .text.tickReset
                0x000077d8       0x74 C:/Users/Emanuele/Documents/sloeber-workspace/LMIC/Release/arduino.ar(Reset.cpp.o)
                0x000077d8                tickReset
 .text._ZN6SERCOMC2EP6Sercom
                0x0000784c        0x4 C:/Users/Emanuele/Documents/sloeber-workspace/LMIC/Release/arduino.ar(SERCOM.cpp.o)
                0x0000784c                SERCOM::SERCOM(Sercom*)
                0x0000784c                SERCOM::SERCOM(Sercom*)
 .text._ZN6SERCOM9initFrameE18SercomUartCharSize15SercomDataOrder16SercomParityMode19SercomNumberStopBit
                0x00007850       0x38 C:/Users/Emanuele/Documents/sloeber-workspace/LMIC/Release/arduino.ar(SERCOM.cpp.o)
                0x00007850                SERCOM::initFrame(SercomUartCharSize, SercomDataOrder, SercomParityMode, SercomNumberStopBit)
 .text._ZN6SERCOM8initPadsE15SercomUartTXPad11SercomRXPad
                0x00007888       0x26 C:/Users/Emanuele/Documents/sloeber-workspace/LMIC/Release/arduino.ar(SERCOM.cpp.o)
                0x00007888                SERCOM::initPads(SercomUartTXPad, SercomRXPad)
 .text._ZN6SERCOM9resetUARTEv
                0x000078ae       0x1c C:/Users/Emanuele/Documents/sloeber-workspace/LMIC/Release/arduino.ar(SERCOM.cpp.o)
                0x000078ae                SERCOM::resetUART()
 .text._ZN6SERCOM10enableUARTEv
                0x000078ca       0x14 C:/Users/Emanuele/Documents/sloeber-workspace/LMIC/Release/arduino.ar(SERCOM.cpp.o)
                0x000078ca                SERCOM::enableUART()
 .text._ZN6SERCOM9flushUARTEv
                0x000078de       0x10 C:/Users/Emanuele/Documents/sloeber-workspace/LMIC/Release/arduino.ar(SERCOM.cpp.o)
                0x000078de                SERCOM::flushUART()
 .text._ZN6SERCOM15clearStatusUARTEv
                0x000078ee        0x8 C:/Users/Emanuele/Documents/sloeber-workspace/LMIC/Release/arduino.ar(SERCOM.cpp.o)
                0x000078ee                SERCOM::clearStatusUART()
 .text._ZN6SERCOM17availableDataUARTEv
                0x000078f6        0xa C:/Users/Emanuele/Documents/sloeber-workspace/LMIC/Release/arduino.ar(SERCOM.cpp.o)
                0x000078f6                SERCOM::availableDataUART()
 .text._ZN6SERCOM11isUARTErrorEv
                0x00007900        0x8 C:/Users/Emanuele/Documents/sloeber-workspace/LMIC/Release/arduino.ar(SERCOM.cpp.o)
                0x00007900                SERCOM::isUARTError()
 .text._ZN6SERCOM20acknowledgeUARTErrorEv
                0x00007908        0xe C:/Users/Emanuele/Documents/sloeber-workspace/LMIC/Release/arduino.ar(SERCOM.cpp.o)
                0x00007908                SERCOM::acknowledgeUARTError()
 .text._ZN6SERCOM12readDataUARTEv
                0x00007916        0x8 C:/Users/Emanuele/Documents/sloeber-workspace/LMIC/Release/arduino.ar(SERCOM.cpp.o)
                0x00007916                SERCOM::readDataUART()
 .text._ZN6SERCOM13writeDataUARTEh
                0x0000791e        0xe C:/Users/Emanuele/Documents/sloeber-workspace/LMIC/Release/arduino.ar(SERCOM.cpp.o)
                0x0000791e                SERCOM::writeDataUART(unsigned char)
 .text._ZN6SERCOM12initSPIClockE18SercomSpiClockModem
                0x0000792c       0x30 C:/Users/Emanuele/Documents/sloeber-workspace/LMIC/Release/arduino.ar(SERCOM.cpp.o)
                0x0000792c                SERCOM::initSPIClock(SercomSpiClockMode, unsigned long)
 .text._ZN6SERCOM8resetSPIEv
                0x0000795c       0x1c C:/Users/Emanuele/Documents/sloeber-workspace/LMIC/Release/arduino.ar(SERCOM.cpp.o)
                0x0000795c                SERCOM::resetSPI()
 .text._ZN6SERCOM9enableSPIEv
                0x00007978       0x14 C:/Users/Emanuele/Documents/sloeber-workspace/LMIC/Release/arduino.ar(SERCOM.cpp.o)
                0x00007978                SERCOM::enableSPI()
 .text._ZN6SERCOM10disableSPIEv
                0x0000798c       0x12 C:/Users/Emanuele/Documents/sloeber-workspace/LMIC/Release/arduino.ar(SERCOM.cpp.o)
                0x0000798c                SERCOM::disableSPI()
 .text._ZN6SERCOM15transferDataSPIEh
                0x0000799e       0x1a C:/Users/Emanuele/Documents/sloeber-workspace/LMIC/Release/arduino.ar(SERCOM.cpp.o)
                0x0000799e                SERCOM::transferDataSPI(unsigned char)
 .text._ZN6SERCOM13initClockNVICEv
                0x000079b8       0xac C:/Users/Emanuele/Documents/sloeber-workspace/LMIC/Release/arduino.ar(SERCOM.cpp.o)
                0x000079b8                SERCOM::initClockNVIC()
 .text._ZN6SERCOM8initUARTE14SercomUartMode20SercomUartSampleRatem
                0x00007a64       0x6c C:/Users/Emanuele/Documents/sloeber-workspace/LMIC/Release/arduino.ar(SERCOM.cpp.o)
                0x00007a64                SERCOM::initUART(SercomUartMode, SercomUartSampleRate, unsigned long)
 .text._ZN6SERCOM7initSPIE14SercomSpiTXPad11SercomRXPad17SercomSpiCharSize15SercomDataOrder
                0x00007ad0       0x48 C:/Users/Emanuele/Documents/sloeber-workspace/LMIC/Release/arduino.ar(SERCOM.cpp.o)
                0x00007ad0                SERCOM::initSPI(SercomSpiTXPad, SercomRXPad, SercomSpiCharSize, SercomDataOrder)
 .text._ZN4UartcvbEv
                0x00007b18        0x4 C:/Users/Emanuele/Documents/sloeber-workspace/LMIC/Release/arduino.ar(Uart.cpp.o)
                0x00007b18                Uart::operator bool()
 .text._ZN4Uart5beginEm
                0x00007b1c       0x10 C:/Users/Emanuele/Documents/sloeber-workspace/LMIC/Release/arduino.ar(Uart.cpp.o)
                0x00007b1c                Uart::begin(unsigned long)
 .text._ZN4Uart3endEv
                0x00007b2c       0x14 C:/Users/Emanuele/Documents/sloeber-workspace/LMIC/Release/arduino.ar(Uart.cpp.o)
                0x00007b2c                Uart::end()
 .text._ZN4Uart5flushEv
                0x00007b40        0xa C:/Users/Emanuele/Documents/sloeber-workspace/LMIC/Release/arduino.ar(Uart.cpp.o)
                0x00007b40                Uart::flush()
 .text._ZN4Uart9availableEv
                0x00007b4a        0xa C:/Users/Emanuele/Documents/sloeber-workspace/LMIC/Release/arduino.ar(Uart.cpp.o)
                0x00007b4a                Uart::available()
 .text._ZN4Uart4peekEv
                0x00007b54        0xa C:/Users/Emanuele/Documents/sloeber-workspace/LMIC/Release/arduino.ar(Uart.cpp.o)
                0x00007b54                Uart::peek()
 .text._ZN4Uart4readEv
                0x00007b5e        0xa C:/Users/Emanuele/Documents/sloeber-workspace/LMIC/Release/arduino.ar(Uart.cpp.o)
                0x00007b5e                Uart::read()
 .text._ZN4Uart5writeEh
                0x00007b68        0xc C:/Users/Emanuele/Documents/sloeber-workspace/LMIC/Release/arduino.ar(Uart.cpp.o)
                0x00007b68                Uart::write(unsigned char)
 .text._ZN4UartC2EP6SERCOMhh11SercomRXPad15SercomUartTXPad
                0x00007b74       0x48 C:/Users/Emanuele/Documents/sloeber-workspace/LMIC/Release/arduino.ar(Uart.cpp.o)
                0x00007b74                Uart::Uart(SERCOM*, unsigned char, unsigned char, SercomRXPad, SercomUartTXPad)
                0x00007b74                Uart::Uart(SERCOM*, unsigned char, unsigned char, SercomRXPad, SercomUartTXPad)
 .text._ZN4Uart10IrqHandlerEv
                0x00007bbc       0x36 C:/Users/Emanuele/Documents/sloeber-workspace/LMIC/Release/arduino.ar(Uart.cpp.o)
                0x00007bbc                Uart::IrqHandler()
 .text._ZN4Uart16extractNbStopBitEt
                0x00007bf2        0xe C:/Users/Emanuele/Documents/sloeber-workspace/LMIC/Release/arduino.ar(Uart.cpp.o)
                0x00007bf2                Uart::extractNbStopBit(unsigned short)
 .text._ZN4Uart15extractCharSizeEt
                0x00007c00       0x2c C:/Users/Emanuele/Documents/sloeber-workspace/LMIC/Release/arduino.ar(Uart.cpp.o)
                0x00007c00                Uart::extractCharSize(unsigned short)
 .text._ZN4Uart13extractParityEt
                0x00007c2c       0x18 C:/Users/Emanuele/Documents/sloeber-workspace/LMIC/Release/arduino.ar(Uart.cpp.o)
                0x00007c2c                Uart::extractParity(unsigned short)
 .text._ZN4Uart5beginEmt
                0x00007c44       0x88 C:/Users/Emanuele/Documents/sloeber-workspace/LMIC/Release/arduino.ar(Uart.cpp.o)
                0x00007c44                Uart::begin(unsigned long, unsigned short)
 .text.Dummy_Handler
                0x00007ccc        0x2 C:/Users/Emanuele/Documents/sloeber-workspace/LMIC/Release/arduino.ar(cortex_handlers.c.o)
                0x00007ccc                DMAC_Handler
                0x00007ccc                HardFault_Handler
                0x00007ccc                AC_Handler
                0x00007ccc                PendSV_Handler
                0x00007ccc                NMI_Handler
                0x00007ccc                TC7_Handler
                0x00007ccc                SERCOM1_Handler
                0x00007ccc                ADC_Handler
                0x00007ccc                TCC1_Handler
                0x00007ccc                SERCOM2_Handler
                0x00007ccc                TCC0_Handler
                0x00007ccc                RTC_Handler
                0x00007ccc                EIC_Handler
                0x00007ccc                TC6_Handler
                0x00007ccc                WDT_Handler
                0x00007ccc                TC4_Handler
                0x00007ccc                TC3_Handler
                0x00007ccc                Dummy_Handler
                0x00007ccc                PM_Handler
                0x00007ccc                SVC_Handler
                0x00007ccc                TCC2_Handler
                0x00007ccc                EVSYS_Handler
                0x00007ccc                SERCOM3_Handler
                0x00007ccc                SERCOM4_Handler
                0x00007ccc                I2S_Handler
                0x00007ccc                NVMCTRL_Handler
                0x00007ccc                DAC_Handler
                0x00007ccc                PTC_Handler
                0x00007ccc                SYSCTRL_Handler
 *fill*         0x00007cce        0x2 
 .text.USB_Handler
                0x00007cd0       0x14 C:/Users/Emanuele/Documents/sloeber-workspace/LMIC/Release/arduino.ar(cortex_handlers.c.o)
                0x00007cd0                USB_Handler
 .text.Reset_Handler
                0x00007ce4       0x54 C:/Users/Emanuele/Documents/sloeber-workspace/LMIC/Release/arduino.ar(cortex_handlers.c.o)
                0x00007ce4                Reset_Handler
 .text.SysTick_Handler
                0x00007d38       0x10 C:/Users/Emanuele/Documents/sloeber-workspace/LMIC/Release/arduino.ar(cortex_handlers.c.o)
                0x00007d38                SysTick_Handler
 .text.USB_SetHandler
                0x00007d48        0xc C:/Users/Emanuele/Documents/sloeber-workspace/LMIC/Release/arduino.ar(cortex_handlers.c.o)
                0x00007d48                USB_SetHandler
 .text.micros   0x00007d54       0x64 C:/Users/Emanuele/Documents/sloeber-workspace/LMIC/Release/arduino.ar(delay.c.o)
                0x00007d54                micros
 .text.delay    0x00007db8       0x20 C:/Users/Emanuele/Documents/sloeber-workspace/LMIC/Release/arduino.ar(delay.c.o)
                0x00007db8                delay
 .text.SysTick_DefaultHandler
                0x00007dd8       0x14 C:/Users/Emanuele/Documents/sloeber-workspace/LMIC/Release/arduino.ar(delay.c.o)
                0x00007dd8                SysTick_DefaultHandler
 .text.__empty  0x00007dec        0x2 C:/Users/Emanuele/Documents/sloeber-workspace/LMIC/Release/arduino.ar(hooks.c.o)
                0x00007dec                yield
 .text.__false  0x00007dee        0x4 C:/Users/Emanuele/Documents/sloeber-workspace/LMIC/Release/arduino.ar(hooks.c.o)
                0x00007dee                sysTickHook
 .text._Z11initVariantv
                0x00007df2        0x2 C:/Users/Emanuele/Documents/sloeber-workspace/LMIC/Release/arduino.ar(main.cpp.o)
                0x00007df2                initVariant()
 .text.startup.main
                0x00007df4       0x40 C:/Users/Emanuele/Documents/sloeber-workspace/LMIC/Release/arduino.ar(main.cpp.o)
                0x00007df4                main
 .text._Znwj    0x00007e34        0x8 C:/Users/Emanuele/Documents/sloeber-workspace/LMIC/Release/arduino.ar(new.cpp.o)
                0x00007e34                operator new(unsigned int)
 .text.SystemInit
                0x00007e3c      0x168 C:/Users/Emanuele/Documents/sloeber-workspace/LMIC/Release/arduino.ar(startup.c.o)
                0x00007e3c                SystemInit
 .text.init     0x00007fa4       0xf0 C:/Users/Emanuele/Documents/sloeber-workspace/LMIC/Release/arduino.ar(wiring.c.o)
                0x00007fa4                init
 .text.analogReference
                0x00008094       0x5c C:/Users/Emanuele/Documents/sloeber-workspace/LMIC/Release/arduino.ar(wiring_analog.c.o)
                0x00008094                analogReference
 .text.pinMode  0x000080f0       0xb4 C:/Users/Emanuele/Documents/sloeber-workspace/LMIC/Release/arduino.ar(wiring_digital.c.o)
                0x000080f0                pinMode
 .text.digitalWrite
                0x000081a4       0x60 C:/Users/Emanuele/Documents/sloeber-workspace/LMIC/Release/arduino.ar(wiring_digital.c.o)
                0x000081a4                digitalWrite
 .text.digitalRead
                0x00008204       0x30 C:/Users/Emanuele/Documents/sloeber-workspace/LMIC/Release/arduino.ar(wiring_digital.c.o)
                0x00008204                digitalRead
 .text.pinPeripheral
                0x00008234       0xc4 C:/Users/Emanuele/Documents/sloeber-workspace/LMIC/Release/arduino.ar(wiring_private.c.o)
                0x00008234                pinPeripheral
 .text._ZN13PluggableUSB_12getInterfaceEPh
                0x000082f8       0x2a C:/Users/Emanuele/Documents/sloeber-workspace/LMIC/Release/arduino.ar(PluggableUSB.cpp.o)
                0x000082f8                PluggableUSB_::getInterface(unsigned char*)
 .text._ZN13PluggableUSB_13getDescriptorER8USBSetup
                0x00008322       0x20 C:/Users/Emanuele/Documents/sloeber-workspace/LMIC/Release/arduino.ar(PluggableUSB.cpp.o)
                0x00008322                PluggableUSB_::getDescriptor(USBSetup&)
 .text._ZN13PluggableUSB_12getShortNameEPc
                0x00008342       0x1e C:/Users/Emanuele/Documents/sloeber-workspace/LMIC/Release/arduino.ar(PluggableUSB.cpp.o)
                0x00008342                PluggableUSB_::getShortName(char*)
 .text._ZN13PluggableUSB_5setupER8USBSetup
                0x00008360       0x24 C:/Users/Emanuele/Documents/sloeber-workspace/LMIC/Release/arduino.ar(PluggableUSB.cpp.o)
                0x00008360                PluggableUSB_::setup(USBSetup&)
 .text._Z12PluggableUSBv
                0x00008384       0x24 C:/Users/Emanuele/Documents/sloeber-workspace/LMIC/Release/arduino.ar(PluggableUSB.cpp.o)
                0x00008384                PluggableUSB()
 .text._ZN10RingBufferC2Ev
                0x000083a8       0x1a C:/Users/Emanuele/Documents/sloeber-workspace/LMIC/Release/arduino.ar(RingBuffer.cpp.o)
                0x000083a8                RingBuffer::RingBuffer()
                0x000083a8                RingBuffer::RingBuffer()
 .text._ZN10RingBuffer10store_charEh
                0x000083c2       0x24 C:/Users/Emanuele/Documents/sloeber-workspace/LMIC/Release/arduino.ar(RingBuffer.cpp.o)
                0x000083c2                RingBuffer::store_char(unsigned char)
 .text._ZN10RingBuffer5clearEv
                0x000083e6        0xe C:/Users/Emanuele/Documents/sloeber-workspace/LMIC/Release/arduino.ar(RingBuffer.cpp.o)
                0x000083e6                RingBuffer::clear()
 .text._ZN10RingBuffer9read_charEv
                0x000083f4       0x28 C:/Users/Emanuele/Documents/sloeber-workspace/LMIC/Release/arduino.ar(RingBuffer.cpp.o)
                0x000083f4                RingBuffer::read_char()
 .text._ZN10RingBuffer9availableEv
                0x0000841c       0x12 C:/Users/Emanuele/Documents/sloeber-workspace/LMIC/Release/arduino.ar(RingBuffer.cpp.o)
                0x0000841c                RingBuffer::available()
 .text._ZN10RingBuffer4peekEv
                0x0000842e       0x1a C:/Users/Emanuele/Documents/sloeber-workspace/LMIC/Release/arduino.ar(RingBuffer.cpp.o)
                0x0000842e                RingBuffer::peek()
 .text          0x00008448       0x14 c:/program files/sloeber/arduinoplugin/packages/arduino/tools/arm-none-eabi-gcc/4.8.3-2014q1/bin/../lib/gcc/arm-none-eabi/4.8.3/armv6-m\libgcc.a(_thumb1_case_uqi.o)
                0x00008448                __gnu_thumb1_case_uqi
 .text          0x0000845c       0x14 c:/program files/sloeber/arduinoplugin/packages/arduino/tools/arm-none-eabi-gcc/4.8.3-2014q1/bin/../lib/gcc/arm-none-eabi/4.8.3/armv6-m\libgcc.a(_thumb1_case_uhi.o)
                0x0000845c                __gnu_thumb1_case_uhi
 .text          0x00008470       0x9c c:/program files/sloeber/arduinoplugin/packages/arduino/tools/arm-none-eabi-gcc/4.8.3-2014q1/bin/../lib/gcc/arm-none-eabi/4.8.3/armv6-m\libgcc.a(_udivsi3.o)
                0x00008470                __aeabi_uidiv
                0x00008470                __udivsi3
                0x000084f8                __aeabi_uidivmod
 .text          0x0000850c       0xc0 c:/program files/sloeber/arduinoplugin/packages/arduino/tools/arm-none-eabi-gcc/4.8.3-2014q1/bin/../lib/gcc/arm-none-eabi/4.8.3/armv6-m\libgcc.a(_divsi3.o)
                0x0000850c                __divsi3
                0x0000850c                __aeabi_idiv
                0x000085b8                __aeabi_idivmod
 .text          0x000085cc        0x4 c:/program files/sloeber/arduinoplugin/packages/arduino/tools/arm-none-eabi-gcc/4.8.3-2014q1/bin/../lib/gcc/arm-none-eabi/4.8.3/armv6-m\libgcc.a(_dvmd_tls.o)
                0x000085cc                __aeabi_idiv0
                0x000085cc                __aeabi_ldiv0
 .text          0x000085d0       0x40 c:/program files/sloeber/arduinoplugin/packages/arduino/tools/arm-none-eabi-gcc/4.8.3-2014q1/bin/../lib/gcc/arm-none-eabi/4.8.3/armv6-m\libgcc.a(_aeabi_uldivmod.o)
                0x000085d0                __aeabi_uldivmod
 .text          0x00008610       0x44 c:/program files/sloeber/arduinoplugin/packages/arduino/tools/arm-none-eabi-gcc/4.8.3-2014q1/bin/../lib/gcc/arm-none-eabi/4.8.3/armv6-m\libgcc.a(_muldi3.o)
                0x00008610                __muldi3
                0x00008610                __aeabi_lmul
 .text          0x00008654       0x6c c:/program files/sloeber/arduinoplugin/packages/arduino/tools/arm-none-eabi-gcc/4.8.3-2014q1/bin/../lib/gcc/arm-none-eabi/4.8.3/armv6-m\libgcc.a(bpabi.o)
                0x00008654                __gnu_ldivmod_helper
                0x0000868c                __gnu_uldivmod_helper
 .text          0x000086c0       0x3c c:/program files/sloeber/arduinoplugin/packages/arduino/tools/arm-none-eabi-gcc/4.8.3-2014q1/bin/../lib/gcc/arm-none-eabi/4.8.3/armv6-m\libgcc.a(_clzsi2.o)
                0x000086c0                __clzsi2
 .text          0x000086fc      0x3b8 c:/program files/sloeber/arduinoplugin/packages/arduino/tools/arm-none-eabi-gcc/4.8.3-2014q1/bin/../lib/gcc/arm-none-eabi/4.8.3/armv6-m\libgcc.a(_divdi3.o)
                0x000086fc                __divdi3
 .text          0x00008ab4      0x384 c:/program files/sloeber/arduinoplugin/packages/arduino/tools/arm-none-eabi-gcc/4.8.3-2014q1/bin/../lib/gcc/arm-none-eabi/4.8.3/armv6-m\libgcc.a(_udivdi3.o)
                0x00008ab4                __udivdi3
 .text.__libc_init_array
                0x00008e38       0x4c c:/program files/sloeber/arduinoplugin/packages/arduino/tools/arm-none-eabi-gcc/4.8.3-2014q1/bin/../lib/gcc/arm-none-eabi/4.8.3/../../../../arm-none-eabi/lib/armv6-m\libc_s.a(lib_a-init.o)
                0x00008e38                __libc_init_array
 .text.malloc   0x00008e84       0x14 c:/program files/sloeber/arduinoplugin/packages/arduino/tools/arm-none-eabi-gcc/4.8.3-2014q1/bin/../lib/gcc/arm-none-eabi/4.8.3/../../../../arm-none-eabi/lib/armv6-m\libc_s.a(lib_a-malloc.o)
                0x00008e84                malloc
 .text.memcmp   0x00008e98       0x1e c:/program files/sloeber/arduinoplugin/packages/arduino/tools/arm-none-eabi-gcc/4.8.3-2014q1/bin/../lib/gcc/arm-none-eabi/4.8.3/../../../../arm-none-eabi/lib/armv6-m\libc_s.a(lib_a-memcmp.o)
                0x00008e98                memcmp
 .text.memcpy   0x00008eb6       0x12 c:/program files/sloeber/arduinoplugin/packages/arduino/tools/arm-none-eabi-gcc/4.8.3-2014q1/bin/../lib/gcc/arm-none-eabi/4.8.3/../../../../arm-none-eabi/lib/armv6-m\libc_s.a(lib_a-memcpy-stub.o)
                0x00008eb6                memcpy
 .text.memset   0x00008ec8       0x10 c:/program files/sloeber/arduinoplugin/packages/arduino/tools/arm-none-eabi-gcc/4.8.3-2014q1/bin/../lib/gcc/arm-none-eabi/4.8.3/../../../../arm-none-eabi/lib/armv6-m\libc_s.a(lib_a-memset.o)
                0x00008ec8                memset
 .text._free_r  0x00008ed8       0x90 c:/program files/sloeber/arduinoplugin/packages/arduino/tools/arm-none-eabi-gcc/4.8.3-2014q1/bin/../lib/gcc/arm-none-eabi/4.8.3/../../../../arm-none-eabi/lib/armv6-m\libc_s.a(lib_a-nano-freer.o)
                0x00008ed8                _free_r
 .text._malloc_r
                0x00008f68       0xa8 c:/program files/sloeber/arduinoplugin/packages/arduino/tools/arm-none-eabi-gcc/4.8.3-2014q1/bin/../lib/gcc/arm-none-eabi/4.8.3/../../../../arm-none-eabi/lib/armv6-m\libc_s.a(lib_a-nano-mallocr.o)
                0x00008f68                _malloc_r
 .text.printf   0x00009010       0x34 c:/program files/sloeber/arduinoplugin/packages/arduino/tools/arm-none-eabi-gcc/4.8.3-2014q1/bin/../lib/gcc/arm-none-eabi/4.8.3/../../../../arm-none-eabi/lib/armv6-m\libc_s.a(lib_a-printf.o)
                0x00009010                iprintf
                0x00009010                printf
 .text._puts_r  0x00009044       0xc2 c:/program files/sloeber/arduinoplugin/packages/arduino/tools/arm-none-eabi-gcc/4.8.3-2014q1/bin/../lib/gcc/arm-none-eabi/4.8.3/../../../../arm-none-eabi/lib/armv6-m\libc_s.a(lib_a-puts.o)
                0x00009044                _puts_r
 *fill*         0x00009106        0x2 
 .text.puts     0x00009108       0x14 c:/program files/sloeber/arduinoplugin/packages/arduino/tools/arm-none-eabi-gcc/4.8.3-2014q1/bin/../lib/gcc/arm-none-eabi/4.8.3/../../../../arm-none-eabi/lib/armv6-m\libc_s.a(lib_a-puts.o)
                0x00009108                puts
 .text._sbrk_r  0x0000911c       0x24 c:/program files/sloeber/arduinoplugin/packages/arduino/tools/arm-none-eabi-gcc/4.8.3-2014q1/bin/../lib/gcc/arm-none-eabi/4.8.3/../../../../arm-none-eabi/lib/armv6-m\libc_s.a(lib_a-sbrkr.o)
                0x0000911c                _sbrk_r
 .text.strlen   0x00009140        0xe c:/program files/sloeber/arduinoplugin/packages/arduino/tools/arm-none-eabi-gcc/4.8.3-2014q1/bin/../lib/gcc/arm-none-eabi/4.8.3/../../../../arm-none-eabi/lib/armv6-m\libc_s.a(lib_a-strlen.o)
                0x00009140                strlen
 .text.__sfputc_r
                0x0000914e       0x2a c:/program files/sloeber/arduinoplugin/packages/arduino/tools/arm-none-eabi-gcc/4.8.3-2014q1/bin/../lib/gcc/arm-none-eabi/4.8.3/../../../../arm-none-eabi/lib/armv6-m\libc_s.a(lib_a-vfprintf.o)
 .text.__sfputs_r
                0x00009178       0x24 c:/program files/sloeber/arduinoplugin/packages/arduino/tools/arm-none-eabi-gcc/4.8.3-2014q1/bin/../lib/gcc/arm-none-eabi/4.8.3/../../../../arm-none-eabi/lib/armv6-m\libc_s.a(lib_a-vfprintf.o)
                0x00009178                __sfputs_r
 .text._vfprintf_r
                0x0000919c      0x210 c:/program files/sloeber/arduinoplugin/packages/arduino/tools/arm-none-eabi-gcc/4.8.3-2014q1/bin/../lib/gcc/arm-none-eabi/4.8.3/../../../../arm-none-eabi/lib/armv6-m\libc_s.a(lib_a-vfprintf.o)
                0x0000919c                _vfprintf_r
                0x0000919c                _vfiprintf_r
 .text._printf_common
                0x000093ac       0xe8 c:/program files/sloeber/arduinoplugin/packages/arduino/tools/arm-none-eabi-gcc/4.8.3-2014q1/bin/../lib/gcc/arm-none-eabi/4.8.3/../../../../arm-none-eabi/lib/armv6-m\libc_s.a(lib_a-vfprintf_i.o)
                0x000093ac                _printf_common
 .text._printf_i
                0x00009494      0x22c c:/program files/sloeber/arduinoplugin/packages/arduino/tools/arm-none-eabi-gcc/4.8.3-2014q1/bin/../lib/gcc/arm-none-eabi/4.8.3/../../../../arm-none-eabi/lib/armv6-m\libc_s.a(lib_a-vfprintf_i.o)
                0x00009494                _printf_i
 .text.__swbuf_r
                0x000096c0       0xb0 c:/program files/sloeber/arduinoplugin/packages/arduino/tools/arm-none-eabi-gcc/4.8.3-2014q1/bin/../lib/gcc/arm-none-eabi/4.8.3/../../../../arm-none-eabi/lib/armv6-m\libc_s.a(lib_a-wbuf.o)
                0x000096c0                __swbuf_r
 .text.__swsetup_r
                0x00009770       0xe4 c:/program files/sloeber/arduinoplugin/packages/arduino/tools/arm-none-eabi-gcc/4.8.3-2014q1/bin/../lib/gcc/arm-none-eabi/4.8.3/../../../../arm-none-eabi/lib/armv6-m\libc_s.a(lib_a-wsetup.o)
                0x00009770                __swsetup_r
 .text.__sflush_r
                0x00009854      0x112 c:/program files/sloeber/arduinoplugin/packages/arduino/tools/arm-none-eabi-gcc/4.8.3-2014q1/bin/../lib/gcc/arm-none-eabi/4.8.3/../../../../arm-none-eabi/lib/armv6-m\libc_s.a(lib_a-fflush.o)
                0x00009854                __sflush_r
 *fill*         0x00009966        0x2 
 .text._fflush_r
                0x00009968       0x58 c:/program files/sloeber/arduinoplugin/packages/arduino/tools/arm-none-eabi-gcc/4.8.3-2014q1/bin/../lib/gcc/arm-none-eabi/4.8.3/../../../../arm-none-eabi/lib/armv6-m\libc_s.a(lib_a-fflush.o)
                0x00009968                _fflush_r
 .text._cleanup_r
                0x000099c0       0x34 c:/program files/sloeber/arduinoplugin/packages/arduino/tools/arm-none-eabi-gcc/4.8.3-2014q1/bin/../lib/gcc/arm-none-eabi/4.8.3/../../../../arm-none-eabi/lib/armv6-m\libc_s.a(lib_a-findfp.o)
                0x000099c0                _cleanup_r
 .text.std.isra.0
                0x000099f4       0x48 c:/program files/sloeber/arduinoplugin/packages/arduino/tools/arm-none-eabi-gcc/4.8.3-2014q1/bin/../lib/gcc/arm-none-eabi/4.8.3/../../../../arm-none-eabi/lib/armv6-m\libc_s.a(lib_a-findfp.o)
 .text.__sfmoreglue
                0x00009a3c       0x2c c:/program files/sloeber/arduinoplugin/packages/arduino/tools/arm-none-eabi-gcc/4.8.3-2014q1/bin/../lib/gcc/arm-none-eabi/4.8.3/../../../../arm-none-eabi/lib/armv6-m\libc_s.a(lib_a-findfp.o)
                0x00009a3c                __sfmoreglue
 .text.__sinit  0x00009a68       0x64 c:/program files/sloeber/arduinoplugin/packages/arduino/tools/arm-none-eabi-gcc/4.8.3-2014q1/bin/../lib/gcc/arm-none-eabi/4.8.3/../../../../arm-none-eabi/lib/armv6-m\libc_s.a(lib_a-findfp.o)
                0x00009a68                __sinit
 .text.__sfp    0x00009acc       0x7c c:/program files/sloeber/arduinoplugin/packages/arduino/tools/arm-none-eabi-gcc/4.8.3-2014q1/bin/../lib/gcc/arm-none-eabi/4.8.3/../../../../arm-none-eabi/lib/armv6-m\libc_s.a(lib_a-findfp.o)
                0x00009acc                __sfp
 .text.__smakebuf_r
                0x00009b48       0xa0 c:/program files/sloeber/arduinoplugin/packages/arduino/tools/arm-none-eabi-gcc/4.8.3-2014q1/bin/../lib/gcc/arm-none-eabi/4.8.3/../../../../arm-none-eabi/lib/armv6-m\libc_s.a(lib_a-makebuf.o)
                0x00009b48                __smakebuf_r
 .text.memchr   0x00009be8       0x16 c:/program files/sloeber/arduinoplugin/packages/arduino/tools/arm-none-eabi-gcc/4.8.3-2014q1/bin/../lib/gcc/arm-none-eabi/4.8.3/../../../../arm-none-eabi/lib/armv6-m\libc_s.a(lib_a-memchr-stub.o)
                0x00009be8                memchr
 *fill*         0x00009bfe        0x2 
 .text.__sread  0x00009c00       0x28 c:/program files/sloeber/arduinoplugin/packages/arduino/tools/arm-none-eabi-gcc/4.8.3-2014q1/bin/../lib/gcc/arm-none-eabi/4.8.3/../../../../arm-none-eabi/lib/armv6-m\libc_s.a(lib_a-stdio.o)
                0x00009c00                __sread
 .text.__swrite
                0x00009c28       0x38 c:/program files/sloeber/arduinoplugin/packages/arduino/tools/arm-none-eabi-gcc/4.8.3-2014q1/bin/../lib/gcc/arm-none-eabi/4.8.3/../../../../arm-none-eabi/lib/armv6-m\libc_s.a(lib_a-stdio.o)
                0x00009c28                __swrite
 .text.__sseek  0x00009c60       0x2c c:/program files/sloeber/arduinoplugin/packages/arduino/tools/arm-none-eabi-gcc/4.8.3-2014q1/bin/../lib/gcc/arm-none-eabi/4.8.3/../../../../arm-none-eabi/lib/armv6-m\libc_s.a(lib_a-stdio.o)
                0x00009c60                __sseek
 .text.__sclose
                0x00009c8c        0xc c:/program files/sloeber/arduinoplugin/packages/arduino/tools/arm-none-eabi-gcc/4.8.3-2014q1/bin/../lib/gcc/arm-none-eabi/4.8.3/../../../../arm-none-eabi/lib/armv6-m\libc_s.a(lib_a-stdio.o)
                0x00009c8c                __sclose
 .text._write_r
                0x00009c98       0x28 c:/program files/sloeber/arduinoplugin/packages/arduino/tools/arm-none-eabi-gcc/4.8.3-2014q1/bin/../lib/gcc/arm-none-eabi/4.8.3/../../../../arm-none-eabi/lib/armv6-m\libc_s.a(lib_a-writer.o)
                0x00009c98                _write_r
 .text._close_r
                0x00009cc0       0x24 c:/program files/sloeber/arduinoplugin/packages/arduino/tools/arm-none-eabi-gcc/4.8.3-2014q1/bin/../lib/gcc/arm-none-eabi/4.8.3/../../../../arm-none-eabi/lib/armv6-m\libc_s.a(lib_a-closer.o)
                0x00009cc0                _close_r
 .text._fstat_r
                0x00009ce4       0x24 c:/program files/sloeber/arduinoplugin/packages/arduino/tools/arm-none-eabi-gcc/4.8.3-2014q1/bin/../lib/gcc/arm-none-eabi/4.8.3/../../../../arm-none-eabi/lib/armv6-m\libc_s.a(lib_a-fstatr.o)
                0x00009ce4                _fstat_r
 .text._isatty_r
                0x00009d08       0x24 c:/program files/sloeber/arduinoplugin/packages/arduino/tools/arm-none-eabi-gcc/4.8.3-2014q1/bin/../lib/gcc/arm-none-eabi/4.8.3/../../../../arm-none-eabi/lib/armv6-m\libc_s.a(lib_a-isattyr.o)
                0x00009d08                _isatty_r
 .text._lseek_r
                0x00009d2c       0x28 c:/program files/sloeber/arduinoplugin/packages/arduino/tools/arm-none-eabi-gcc/4.8.3-2014q1/bin/../lib/gcc/arm-none-eabi/4.8.3/../../../../arm-none-eabi/lib/armv6-m\libc_s.a(lib_a-lseekr.o)
                0x00009d2c                _lseek_r
 .text._read_r  0x00009d54       0x28 c:/program files/sloeber/arduinoplugin/packages/arduino/tools/arm-none-eabi-gcc/4.8.3-2014q1/bin/../lib/gcc/arm-none-eabi/4.8.3/../../../../arm-none-eabi/lib/armv6-m\libc_s.a(lib_a-readr.o)
                0x00009d54                _read_r
 .text._close   0x00009d7c       0x10 c:/program files/sloeber/arduinoplugin/packages/arduino/tools/arm-none-eabi-gcc/4.8.3-2014q1/bin/../lib/gcc/arm-none-eabi/4.8.3/../../../../arm-none-eabi/lib/armv6-m\libnosys.a(close.o)
                0x00009d7c                _close
 .text._fstat   0x00009d8c       0x10 c:/program files/sloeber/arduinoplugin/packages/arduino/tools/arm-none-eabi-gcc/4.8.3-2014q1/bin/../lib/gcc/arm-none-eabi/4.8.3/../../../../arm-none-eabi/lib/armv6-m\libnosys.a(fstat.o)
                0x00009d8c                _fstat
 .text._isatty  0x00009d9c       0x10 c:/program files/sloeber/arduinoplugin/packages/arduino/tools/arm-none-eabi-gcc/4.8.3-2014q1/bin/../lib/gcc/arm-none-eabi/4.8.3/../../../../arm-none-eabi/lib/armv6-m\libnosys.a(isatty.o)
                0x00009d9c                _isatty
 .text._lseek   0x00009dac       0x10 c:/program files/sloeber/arduinoplugin/packages/arduino/tools/arm-none-eabi-gcc/4.8.3-2014q1/bin/../lib/gcc/arm-none-eabi/4.8.3/../../../../arm-none-eabi/lib/armv6-m\libnosys.a(lseek.o)
                0x00009dac                _lseek
 .text._read    0x00009dbc       0x10 c:/program files/sloeber/arduinoplugin/packages/arduino/tools/arm-none-eabi-gcc/4.8.3-2014q1/bin/../lib/gcc/arm-none-eabi/4.8.3/../../../../arm-none-eabi/lib/armv6-m\libnosys.a(read.o)
                0x00009dbc                _read
 .text._sbrk    0x00009dcc       0x34 c:/program files/sloeber/arduinoplugin/packages/arduino/tools/arm-none-eabi-gcc/4.8.3-2014q1/bin/../lib/gcc/arm-none-eabi/4.8.3/../../../../arm-none-eabi/lib/armv6-m\libnosys.a(sbrk.o)
                0x00009dcc                _sbrk
 .text._write   0x00009e00       0x10 c:/program files/sloeber/arduinoplugin/packages/arduino/tools/arm-none-eabi-gcc/4.8.3-2014q1/bin/../lib/gcc/arm-none-eabi/4.8.3/../../../../arm-none-eabi/lib/armv6-m\libnosys.a(write.o)
                0x00009e00                _write
 *(.init)
 .init          0x00009e10        0x4 c:/program files/sloeber/arduinoplugin/packages/arduino/tools/arm-none-eabi-gcc/4.8.3-2014q1/bin/../lib/gcc/arm-none-eabi/4.8.3/armv6-m/crti.o
                0x00009e10                _init
 .init          0x00009e14        0x8 c:/program files/sloeber/arduinoplugin/packages/arduino/tools/arm-none-eabi-gcc/4.8.3-2014q1/bin/../lib/gcc/arm-none-eabi/4.8.3/armv6-m/crtn.o
 *(.fini)
 .fini          0x00009e1c        0x4 c:/program files/sloeber/arduinoplugin/packages/arduino/tools/arm-none-eabi-gcc/4.8.3-2014q1/bin/../lib/gcc/arm-none-eabi/4.8.3/armv6-m/crti.o
                0x00009e1c                _fini
 .fini          0x00009e20        0x8 c:/program files/sloeber/arduinoplugin/packages/arduino/tools/arm-none-eabi-gcc/4.8.3-2014q1/bin/../lib/gcc/arm-none-eabi/4.8.3/armv6-m/crtn.o
 *crtbegin.o(.ctors)
 *crtbegin?.o(.ctors)
 *(EXCLUDE_FILE(*crtend.o *crtend?.o) .ctors)
 *(SORT(.ctors.*))
 *(.ctors)
 *crtbegin.o(.dtors)
 *crtbegin?.o(.dtors)
 *(EXCLUDE_FILE(*crtend.o *crtend?.o) .dtors)
 *(SORT(.dtors.*))
 *(.dtors)
 *(.rodata*)
 .rodata._ZL6APPKEY
                0x00009e28       0x10 .\sloeber.ino.cpp.o
 .rodata._ZL6APPEUI
                0x00009e38        0x8 .\sloeber.ino.cpp.o
 .rodata.str1.1
                0x00009e40      0x189 .\sloeber.ino.cpp.o
                                0x18d (size before relaxing)
 *fill*         0x00009fc9        0x3 
 .rodata.lmic_pins
                0x00009fcc       0x10 .\sloeber.ino.cpp.o
                0x00009fcc                lmic_pins
 .rodata._ZL6DEVEUI
                0x00009fdc        0x8 .\sloeber.ino.cpp.o
 .rodata.__func__.6703
                0x00009fe4       0x13 .\libraries\arduino-lmic\src\lmic\lmic.c.o
 .rodata.constant_table_SENSITIVITY
                0x00009ff7       0x15 .\libraries\arduino-lmic\src\lmic\lmic.c.o
 .rodata.__func__.6557
                0x0000a00c        0xc .\libraries\arduino-lmic\src\lmic\lmic.c.o
 .rodata.__func__.6564
                0x0000a018        0x9 .\libraries\arduino-lmic\src\lmic\lmic.c.o
 .rodata.__func__.6615
                0x0000a021        0xf .\libraries\arduino-lmic\src\lmic\lmic.c.o
 .rodata.str1.1
                0x0000a030      0x19f .\libraries\arduino-lmic\src\lmic\lmic.c.o
 .rodata.__func__.6735
                0x0000a1cf       0x13 .\libraries\arduino-lmic\src\lmic\lmic.c.o
 .rodata.__func__.6691
                0x0000a1e2        0xe .\libraries\arduino-lmic\src\lmic\lmic.c.o
 .rodata.__func__.6633
                0x0000a1f0       0x11 .\libraries\arduino-lmic\src\lmic\lmic.c.o
 .rodata.__func__.6585
                0x0000a201        0x9 .\libraries\arduino-lmic\src\lmic\lmic.c.o
 .rodata.constant_table_macCmdSize
                0x0000a20a       0x12 .\libraries\arduino-lmic\src\lmic\lmic.c.o
 .rodata.constant_table_DR2HSYM_osticks
                0x0000a21c       0x20 .\libraries\arduino-lmic\src\lmic\lmic_eu868.c.o
 .rodata.constant_table_bandAssignments
                0x0000a23c       0x18 .\libraries\arduino-lmic\src\lmic\lmic_eu868.c.o
 .rodata.constant_table_maxFrameLens
                0x0000a254        0x8 .\libraries\arduino-lmic\src\lmic\lmic_eu868.c.o
 .rodata.constant_table_TXPOWLEVELS
                0x0000a25c        0x8 .\libraries\arduino-lmic\src\lmic\lmic_eu868.c.o
 .rodata.constant_table_iniChannelFreq
                0x0000a264       0x18 .\libraries\arduino-lmic\src\lmic\lmic_eu868.c.o
 .rodata.constant_table__DR2RPS_CRC
                0x0000a27c        0xa .\libraries\arduino-lmic\src\lmic\lmic_eu868.c.o
                0x0000a27c                constant_table__DR2RPS_CRC
 .rodata.str1.1
                0x0000a286       0x5c .\libraries\arduino-lmic\src\lmic\lmic_eu_like.c.o
 .rodata.str1.1
                0x0000a2e2       0x61 .\libraries\arduino-lmic\src\lmic\oslmic.c.o
 .rodata.str1.1
                0x0000a343      0x1b8 .\libraries\arduino-lmic\src\lmic\radio.c.o
 .rodata.__func__.6238
                0x0000a4fb        0x8 .\libraries\arduino-lmic\src\lmic\radio.c.o
 *fill*         0x0000a503        0x1 
 .rodata.constant_table_LORA_RXDONE_FIXUP
                0x0000a504        0xe .\libraries\arduino-lmic\src\lmic\radio.c.o
 .rodata.constant_table_rxlorairqmask
                0x0000a512        0x3 .\libraries\arduino-lmic\src\lmic\radio.c.o
 *fill*         0x0000a515        0x3 
 .rodata._ZTVN12Arduino_LMIC29HalConfiguration_Catena4420_tE
                0x0000a518       0x20 .\libraries\arduino-lmic\src\hal\getpinmap_catena4420.cpp.o
                0x0000a518                vtable for Arduino_LMIC::HalConfiguration_Catena4420_t
 .rodata._ZTVN12Arduino_LMIC34HalConfiguration_Feather32U4LoRa_tE
                0x0000a538       0x20 .\libraries\arduino-lmic\src\hal\getpinmap_feather32u4lora.cpp.o
                0x0000a538                vtable for Arduino_LMIC::HalConfiguration_Feather32U4LoRa_t
 .rodata._ZTVN12Arduino_LMIC32HalConfiguration_FeatherM0LoRa_tE
                0x0000a558       0x20 .\libraries\arduino-lmic\src\hal\getpinmap_featherm0lora.cpp.o
                0x0000a558                vtable for Arduino_LMIC::HalConfiguration_FeatherM0LoRa_t
 .rodata._ZTVN12Arduino_LMIC30HalConfiguration_heltec_lora32E
                0x0000a578       0x20 .\libraries\arduino-lmic\src\hal\getpinmap_heltec_lora32.cpp.o
                0x0000a578                vtable for Arduino_LMIC::HalConfiguration_heltec_lora32
 .rodata._ZTVN12Arduino_LMIC31HalConfiguration_ttgo_lora32_v1E
                0x0000a598       0x20 .\libraries\arduino-lmic\src\hal\getpinmap_ttgo_lora32_v1.cpp.o
                0x0000a598                vtable for Arduino_LMIC::HalConfiguration_ttgo_lora32_v1
 .rodata._ZTVN12Arduino_LMIC18HalConfiguration_tE
                0x0000a5b8       0x20 .\libraries\arduino-lmic\src\hal\hal.cpp.o
                0x0000a5b8                vtable for Arduino_LMIC::HalConfiguration_t
 .rodata.str1.1
                0x0000a5d8       0xdd .\libraries\arduino-lmic\src\hal\hal.cpp.o
                                 0xe2 (size before relaxing)
 .rodata._ZL22constant_table_S_Table
                0x0000a6b5      0x100 .\libraries\arduino-lmic\src\aes\ideetron\AES-128_V10.cpp.o
 *fill*         0x0000a7b5        0x3 
 .rodata.g_APinDescription
                0x0000a7b8      0x450 C:/Users/Emanuele/Documents/sloeber-workspace/LMIC/Release/arduino.ar(variant.cpp.o)
                0x0000a7b8                g_APinDescription
 .rodata._ZTV7Serial_
                0x0000ac08       0x28 C:/Users/Emanuele/Documents/sloeber-workspace/LMIC/Release/arduino.ar(CDC.cpp.o)
                0x0000ac08                vtable for Serial_
 .rodata._ZTV26DoubleBufferedEPOutHandler
                0x0000ac30       0x18 C:/Users/Emanuele/Documents/sloeber-workspace/LMIC/Release/arduino.ar(USBCore.cpp.o)
                0x0000ac30                vtable for DoubleBufferedEPOutHandler
 .rodata._ZL19STRING_MANUFACTURER
                0x0000ac48        0x9 C:/Users/Emanuele/Documents/sloeber-workspace/LMIC/Release/arduino.ar(USBCore.cpp.o)
 *fill*         0x0000ac51        0x1 
 .rodata._ZL15STRING_LANGUAGE
                0x0000ac52        0x4 C:/Users/Emanuele/Documents/sloeber-workspace/LMIC/Release/arduino.ar(USBCore.cpp.o)
 .rodata._ZL21USB_DeviceDescriptorB
                0x0000ac56       0x12 C:/Users/Emanuele/Documents/sloeber-workspace/LMIC/Release/arduino.ar(USBCore.cpp.o)
 .rodata._ZL14STRING_PRODUCT
                0x0000ac68        0xb C:/Users/Emanuele/Documents/sloeber-workspace/LMIC/Release/arduino.ar(USBCore.cpp.o)
 .rodata.str1.1
                0x0000ac73       0x11 C:/Users/Emanuele/Documents/sloeber-workspace/LMIC/Release/arduino.ar(Print.cpp.o)
 *fill*         0x0000ac84        0x4 
 .rodata._ZTV4Uart
                0x0000ac88       0x30 C:/Users/Emanuele/Documents/sloeber-workspace/LMIC/Release/arduino.ar(Uart.cpp.o)
                0x0000ac88                vtable for Uart
 .rodata.str1.1
                0x00000000       0x11 c:/program files/sloeber/arduinoplugin/packages/arduino/tools/arm-none-eabi-gcc/4.8.3-2014q1/bin/../lib/gcc/arm-none-eabi/4.8.3/../../../../arm-none-eabi/lib/armv6-m\libc_s.a(lib_a-impure.o)
                                  0x2 (size before relaxing)
 .rodata._global_impure_ptr
                0x0000acb8        0x4 c:/program files/sloeber/arduinoplugin/packages/arduino/tools/arm-none-eabi-gcc/4.8.3-2014q1/bin/../lib/gcc/arm-none-eabi/4.8.3/../../../../arm-none-eabi/lib/armv6-m\libc_s.a(lib_a-impure.o)
                0x0000acb8                _global_impure_ptr
 .rodata.str1.1
                0x0000acbc       0x11 c:/program files/sloeber/arduinoplugin/packages/arduino/tools/arm-none-eabi-gcc/4.8.3-2014q1/bin/../lib/gcc/arm-none-eabi/4.8.3/../../../../arm-none-eabi/lib/armv6-m\libc_s.a(lib_a-vfprintf.o)
 .rodata.str1.1
                0x0000accd       0x22 c:/program files/sloeber/arduinoplugin/packages/arduino/tools/arm-none-eabi-gcc/4.8.3-2014q1/bin/../lib/gcc/arm-none-eabi/4.8.3/../../../../arm-none-eabi/lib/armv6-m\libc_s.a(lib_a-vfprintf_i.o)
 *fill*         0x0000acef        0x1 
 .rodata.__sf_fake_stdin
                0x0000acf0       0x20 c:/program files/sloeber/arduinoplugin/packages/arduino/tools/arm-none-eabi-gcc/4.8.3-2014q1/bin/../lib/gcc/arm-none-eabi/4.8.3/../../../../arm-none-eabi/lib/armv6-m\libc_s.a(lib_a-findfp.o)
                0x0000acf0                __sf_fake_stdin
 .rodata.__sf_fake_stdout
                0x0000ad10       0x20 c:/program files/sloeber/arduinoplugin/packages/arduino/tools/arm-none-eabi-gcc/4.8.3-2014q1/bin/../lib/gcc/arm-none-eabi/4.8.3/../../../../arm-none-eabi/lib/armv6-m\libc_s.a(lib_a-findfp.o)
                0x0000ad10                __sf_fake_stdout
 .rodata.__sf_fake_stderr
                0x0000ad30       0x20 c:/program files/sloeber/arduinoplugin/packages/arduino/tools/arm-none-eabi-gcc/4.8.3-2014q1/bin/../lib/gcc/arm-none-eabi/4.8.3/../../../../arm-none-eabi/lib/armv6-m\libc_s.a(lib_a-findfp.o)
                0x0000ad30                __sf_fake_stderr
 *(.eh_frame*)
 .eh_frame      0x0000ad50        0x0 c:/program files/sloeber/arduinoplugin/packages/arduino/tools/arm-none-eabi-gcc/4.8.3-2014q1/bin/../lib/gcc/arm-none-eabi/4.8.3/armv6-m/crtbegin.o
 .eh_frame      0x0000ad50        0x4 c:/program files/sloeber/arduinoplugin/packages/arduino/tools/arm-none-eabi-gcc/4.8.3-2014q1/bin/../lib/gcc/arm-none-eabi/4.8.3/armv6-m/crtend.o

.glue_7         0x0000ad54        0x0
 .glue_7        0x00000000        0x0 linker stubs

.glue_7t        0x0000ad54        0x0
 .glue_7t       0x00000000        0x0 linker stubs

.vfp11_veneer   0x0000ad54        0x0
 .vfp11_veneer  0x00000000        0x0 linker stubs

.v4_bx          0x0000ad54        0x0
 .v4_bx         0x00000000        0x0 linker stubs

.iplt           0x0000ad54        0x0
 .iplt          0x00000000        0x0 c:/program files/sloeber/arduinoplugin/packages/arduino/tools/arm-none-eabi-gcc/4.8.3-2014q1/bin/../lib/gcc/arm-none-eabi/4.8.3/armv6-m/crtbegin.o

.ARM.extab
 *(.ARM.extab* .gnu.linkonce.armextab.*)
                0x0000ad54                __exidx_start = .

.ARM.exidx      0x0000ad54        0x8
 *(.ARM.exidx* .gnu.linkonce.armexidx.*)
 .ARM.exidx     0x0000ad54        0x8 c:/program files/sloeber/arduinoplugin/packages/arduino/tools/arm-none-eabi-gcc/4.8.3-2014q1/bin/../lib/gcc/arm-none-eabi/4.8.3/armv6-m\libgcc.a(_divdi3.o)
 .ARM.exidx     0x0000ad5c        0x0 c:/program files/sloeber/arduinoplugin/packages/arduino/tools/arm-none-eabi-gcc/4.8.3-2014q1/bin/../lib/gcc/arm-none-eabi/4.8.3/armv6-m\libgcc.a(_udivdi3.o)
                                  0x8 (size before relaxing)
                0x0000ad5c                __exidx_end = .
                0x0000ad5c                __etext = .

.rel.dyn        0x0000ad5c        0x0
 .rel.iplt      0x00000000        0x0 c:/program files/sloeber/arduinoplugin/packages/arduino/tools/arm-none-eabi-gcc/4.8.3-2014q1/bin/../lib/gcc/arm-none-eabi/4.8.3/armv6-m/crtbegin.o

.data           0x20000000      0x130 load address 0x0000ad5c
                0x20000000                __data_start__ = .
 *(vtable)
 *(.data*)
 .data._ZL6mydata
                0x20000000        0xe .\sloeber.ino.cpp.o
 *fill*         0x2000000e        0x2 
 .data._ZL12_usbLineInfo
                0x20000010        0x8 C:/Users/Emanuele/Documents/sloeber-workspace/LMIC/Release/arduino.ar(CDC.cpp.o)
 .data._ZL10breakValue
                0x20000018        0x4 C:/Users/Emanuele/Documents/sloeber-workspace/LMIC/Release/arduino.ar(CDC.cpp.o)
 .data._ZL13_cdcInterface
                0x2000001c       0x42 C:/Users/Emanuele/Documents/sloeber-workspace/LMIC/Release/arduino.ar(CDC.cpp.o)
 *fill*         0x2000005e        0x2 
 .data._serialPeek
                0x20000060        0x4 C:/Users/Emanuele/Documents/sloeber-workspace/LMIC/Release/arduino.ar(CDC.cpp.o)
                0x20000060                _serialPeek
 .data.EndPoints
                0x20000064       0x28 C:/Users/Emanuele/Documents/sloeber-workspace/LMIC/Release/arduino.ar(USBCore.cpp.o)
                0x20000064                EndPoints
 .data._ZL5ticks
                0x2000008c        0x4 C:/Users/Emanuele/Documents/sloeber-workspace/LMIC/Release/arduino.ar(Reset.cpp.o)
 .data.SystemCoreClock
                0x20000090        0x4 C:/Users/Emanuele/Documents/sloeber-workspace/LMIC/Release/arduino.ar(wiring.c.o)
                0x20000090                SystemCoreClock
 .data.impure_data